[    0.0000] nux version 4.8.0-28-geneic (buidd@lgw01-16) (gcc version 6.2.0 20161005 (Ubuntu 6.2.0-5ubuntu12) ) #30-Ubuntu SMP Fri Nov 11 14:03:52 UTC 2016 (Ubuntu 4.8.0-28.30-generic 4.8.6)
[    0.000000] Command line: BOOTMAE=/boot/vinuz-8.-28-gerc root=ABE=cloudimg-oofs roconsole=tty1 console=ttyS0
[   0.0000] ERNEL supported cpus:
[    0.000000]  ntl Genuinentl
[    .000000]   AMD AuthenticAMD
[    0.000000]   Centaur CentaurHauls
[    0.000000] x86/fpu: Supporing XSA feate 0x001: 'x7 loatin pint registers'
[    0.000000] x86/fpu: Supporting XSAVE feature 0x002: 'SSE registers'
[    0.000000] x86/fpu: Supporting XSAVE feature 0x004: 'AVX registers'
[    0.000000] x86/fpu: xstate_offst[2]]: 76 xstate_sizes[2]:  256
[    0.000000] x86/fpu Enabled xstate featur 0x7, contexsize is 832 bytes, using 'standard' format.
[    0.000000] x86/fpu: Using 'eager'PUcontet wites
[    0.000000] e820: BIOS-provided physical RAM map:
[    0.000000] BIOS-e820: [mem 0x0000000000000000-0x000000000009fbff] usable
[    0.000000] BIOS-e820: [mem 0x000000000009fc00-0x000000000009ffff] reserved
[    0.000000] BIOS-e820: [mem 0x00000000000f0000-0x00000000000fffff] reserved
[    0.000000] BIOS-e820: [mem 0x0000000000100000-0x000000007ffeffff] usable
[    0.000000] BIOS-e820: [mem 0x000000007fff0000-0x000000007fffffff] ACPI data
[    0.000000] BIOS-e820: [mem 0x00000000fec00000-0x00000000fec00fff] reserved
[    0.000000] BIOS-e820: [mem 0x00000000fee00000-0x00000000fee00fff] reserved
[    0.00000]BIOS-e820: [mem 0x00000000fffc0000-0x00000000ffffffff] reserved
[    0.000000] NX (Execute Disable) protection: active
[    0.000000] SMBI 2.5 present
[    0.000000] ypervsor detected: KVM
[    0.000000] e820: last_pf = 0x7fff0 max_arch_pfn =0x4000000
[    0.000000] MTRR: Disabled
[    0.000000] x86/PAT:MTRR dssabled, kipping PA initilization too.
[    0.00000] x86/PAT: Configuration [0-7]: WB  WT  UC- U  WB  WT UC- UC  [   0.0000] CPU MTRRs all blank - virtualized system.
[   0000000] found SMP MP-table at [mem 0x0009fff0-0x0009ffff] mapped at [ffff909c0009fff0]
[    0.000000] Scanning 1 ares for low memory corruption
[    0.00000] RAMDISK: [mem 0x36e38000-0x37713fff]
[    0.000000] ACPI: Early table checksu verification disabled
  0.00000] ACPI: RSDP 0x00000000000E0000 000024 (v02 VBOX  )
[    0.000000] ACPI: XSDT 0x000000007FFF0030 00003C (v01 VBOX   VBOXXSDT 0000001 L 000001)
[    0.000000] ACPI: FACP 0x000000007FFF00F0 0000F4 (v04 VBOX   VBOXFACP 00000001 ASL  00000061)
[    0.000000] ACPI: DSDT 0x000000007FFF0470 00210F (v01 VBOX   VBOXBIOS 00000002 INTL 20100528)
[    0.000000] ACPI: FACS 0x00000000FF0200 000040
[    0.000000] ACPI: FACS 0x000000007FFF0200 000040
[    0.000000] ACPI: APIC 0x000000007FFF0240 00005C 02VBOX   VBOXAPIC 00000001 ASL  00000061)
[    0.000000] ACPI: SSDT 0x000000007FFF02A0 0001CC (v01 VBOX   VBOXCPUT 00000002 INTL 20100528)
[    0.000000] No NUMA configuration found
[    0.000000] Faking a node at [mem 0x0000000000000000-0x000000007ffeffff]
[    0.0000] NODE_DATA(0) allocated [mem 0x7ffeb00-x7ffeff]
[    0.000000] kvm-clock: Using msrs 4b564d01 and 4b564d00
[    0.000000] kvm-clock: cpu 0, msr 0:7ffe7001, primary cpu clock
[    0.000000] kvm-clock: using sched offset of 3720974427 ccles    0.000000] clocksource: kvm-clock: mask: 0xffffffffffffffff max_cycles: 0x1cd42e4dffb, max_idle_ns: 881590591483 ns
[    0.000000] Zone ranges:
[    0.000000]   DDMA      [mem 0x0000000000001000-0x0000000ffffff]
[    0.000000]   DMA32    [mem 0x0000000001000000-0x00000007feff]
  0.00000]  Nrm   empty
[   .00000  Device   empty
[    0.000000] Movable zone start for each node
[    0.000000] Early memory node rnges
[    0.000000]   node   0: [mem 0x000000000001000-0x000000000009efff]
[    0.000000]   node   0: [mem 0x0000000000100000-0x000000007ffeffff]
[    0.000000] Initmem setup node 0 [mem 0x0000000000001000-0x000000007ffeffff]
[    0.000000] ACPI: PM-Timer IO Port: 0x4008
[    0.000000] IOAPIC[0]: apic_i 2,version 32, address 0xfec00000, GSI 0-23
[    0.000000] ACPI: INT_SRC_OVR (us bus_irq 0 global_irq 2 dfl dfl)
[    0.000000] ACPI: INT_SRC_OVR (bus 0 bus_irq 9 global_irq 9 high level)
  0.000] UsinACPI(MADT) for SMP configuration information
[    0.000000] smpboot: Allowing 2 CPUs, 0 hotplug CPUs
[    0.000000] PM: Registered nosave memory: [mem 0x00000000-0x00000fff]
[    0.000000] PM: Registered nosave memory: [mem 0009f000-0x0009ffff]
[    0.000000] PM: Registed nosave memory: [mem 0x000a0000-0x000effff]
[    0.000000]M:Reisred nav mery [mem 0x000000x00ffff
[    0.0000] e80:mem x80000000-0xfebfffff] available for PCI devices
[    0.000000] Booting paravirtualized kernel on KVM
[    0.000000] clocksource: refined-jiffies: mask: 0xffffffff max_cycles: 0xffffffff, max_idle_ns: 7645519600211568 ns
[   0.000000] setup_perpuNR_CPUS25nr_cpumask_bits:256 nr_cpu_ids:2 nr_node_ids:1
[    0.000000] percu: Embedded 36 pages/cpu @ffff909c7fc00000 s107544 r8192 d31720 u1048576
[    0.000000] PV qspinlock hash table entries: 256 (ordr: 0, 4096 bytes)
[    0.000000] Built 1 zonelists in Node order, mobility grouping on.  Total pages: 515961
[    0.000000] Policy zone: DMA32
[    0.000000] Kernel command line: BOOT_IMAGE=/oot/vmlinuz-4.8.0-28-generic root=LABEL=cloudimg-rootfs ro console=tty1 console=ttyS0
[    0.000000] PID hash table entries: 4096 (orde: 3, 32768 byts)
[  0.0000] Memory: 2035508K/2096696K available (8827K kernel code, 1432K rwdata, 3808K rodata, 1548K init, 1272K bss, 61188K reserved, 0K cma-reserved)
[    0.000000] SLU Halign=, Ord=0-3, MinObjects=0, CPUs=2, Nodes
[    0.000000] Hierarchical RCU implementation.
[    0.000000] 	Build-time adjustment of leaf fanout to 64.
[    0.000000] 	RCU restricting CPUs from NRCPUS=256  n_cu_ds=2.
[   0.000000] RCU: Adjusting geometry for rcu_fanout_leaf=64, nr_cpu_ids=2
[    0.000000] NR_IRQS:16640 nr_irqs:440 16
[    0.000000] Console:coou V+ 80x25
   0.000000] coso [tty1] eabd
[    0.000] coso [tty0]nabled
[  0.000000] tsc: Detected 1999.999 MHz processor
[    5.686052] Calibrating delay loop (skipped) preset value.. 3999.99 BogoMIPS (lpj=7999996)
[    5.696836] pid_max: default: 32768 minimum: 301
[    5.713045] ACPI: Core revision 20160422
[    5.716108] ACPI: 2 ACPI AML tables successfully acquired and loaded
[    5.718439] 
[    5.719209] Security Framework initialized
[    5.729130] Yama: becoming mindful.
[    5.746318] AppArmor: AppArmor initialized
[    5.761594] Dentry cache hash table entries: 262144 (order: 9, 2097152 bytes)
[    5.763609] Inode-cache hash table entries: 131072 (order: 8, 1048576 bytes)
[    5.771273] Mount-cache hash table entries: 4096 (order: 3, 32768 bytes)
[    5.796196] Mountpoint-cache hash table entries: 4096 (order: 3, 32768 bytes)
[    5.813307] CPU: Physical Processor ID: 0
[    5.817989] CPU: Processor Core ID: 0
[    5.819274] mce: CPU supports 0 MCE banks
[    5.820605] Last level iTLB entries: 4KB 1024, 2MB 1024, 4MB 1024
[    5.822479] Last level dTLB entries: 4KB 1024, 2MB 1024, 4MB 1024, 1GB 4
[    5.826815] Freeing SMP alternatives memory: 32K (ffffffff98aeb000 - ffffffff98af3000)
[    5.872570] ftrace: allocating 33372 entries in 131 pages
[    5.942440] smpboot: APIC(0) Converting physical 0 to logical package 0
[    6.012579] smpboot: Max logical packages: 1
[    6.022371] x2apic enabled
[    6.035085] Switched APIC routing to physical x2apic.
[    6.044108] ..TIMER: vector=0x30 apic1=0 pin1=2 apic2=-1 pin2=-1
[    6.192728] smpboot: CPU0: Intel(R) Core(TM) i5-4260U CPU @ 1.40GHz (family: 0x6, model: 0x45, stepping: 0x1)
[    6.316754] Performance Events: unsupported p6 CPU model 69 no PMU driver, software events only.
[    6.435356] KVM setup paravirtual spinlock
[    6.486231] x86: Booting SMP configuration:
[    6.538578] .... node  #0, CPUs:      #1
[    6.589107] kvm-clock: cpu 1, msr 0:7ffe7041, secondary cpu clock
[    6.592728] mce: CPU supports 0 MCE banks
[    6.595932] x86: Booted up 1 node, 2 CPUs
[    6.630002] smpboot: Total of 2 processors activated (7999.99 BogoMIPS)
[    6.659855] devtmpfs: initialized
[    6.685182] x86/mm: Memory block size: 128MB
[    6.719861] evm: security.selinux
[    6.736996] evm: security.SMACK64
[    6.738056] evm: security.SMACK64EXEC
[    6.740400] evm: security.SMACK64TRANSMUTE
[    6.743879] evm: security.SMACK64MMAP
[    6.753548] evm: security.ima
[    6.754635] evm: security.capability
[    6.821312] clocksource: jiffies: mask: 0xffffffff max_cycles: 0xffffffff, max_idle_ns: 7645041785100000 ns
[    6.837335] pinctrl core: initialized pinctrl subsystem
[    6.841175] RTC time:  3:24:03, date: 12/21/16
[    6.845521] NET: Registered protocol family 16
[    6.864002] cpuidle: using governor ladder
[    6.883978] cpuidle: using governor menu
[    6.887807] PCCT header not found.
[    6.891715] ACPI: bus type PCI registered
[    6.894329] acpiphp: ACPI Hot Plug PCI Controller Driver version: 0.5
[    6.905533] PCI: Using configuration type 1 for base access
[    6.934728] HugeTLB registered 2 MB page size, pre-allocated 0 pages
[    6.951070] ACPI: Added _OSI(Module Device)
[    6.956404] ACPI: Added _OSI(Processor Device)
[    6.967507] ACPI: Added _OSI(3.0 _SCP Extensions)
[    6.970674] ACPI: Added _OSI(Processor Aggregator Device)
[    6.980449] ACPI: Executed 1 blocks of module-level executable AML code
[    6.999390] ACPI: Interpreter enabled
[    7.008158] ACPI: (supports S0 S5)
[    7.011912] ACPI: Using IOAPIC for interrupt routing
[    7.023997] PCI: Using host bridge windows from ACPI; if necessary, use "pci=nocrs" and report a bug
[    7.051762] ACPI: PCI Root Bridge [PCI0] (domain 0000 [bus 00-ff])
[    7.066777] acpi PNP0A03:00: _OSC: OS supports [ASPM ClockPM Segments MSI]
[    7.086505] acpi PNP0A03:00: _OSC failed (AE_NOT_FOUND); disabling ASPM
[    7.109615] acpi PNP0A03:00: fail to add MMCONFIG information, can't access extended PCI configuration space under this bridge.
[    7.120255] PCI host bridge to bus 0000:00
[    7.129746] pci_bus 0000:00: root bus resource [io  0x0000-0x0cf7 window]
[    7.151265] pci_bus 0000:00: root bus resource [io  0x0d00-0xffff window]
[    7.165435] pci_bus 0000:00: root bus resource [mem 0x000a0000-0x000bffff window]
[    7.173603] pci_bus 0000:00: root bus resource [mem 0x80000000-0xffdfffff window]
[    7.200831] pci_bus 0000:00: root bus resource [bus 00-ff]
[    7.215709] pci 0000:00:01.1: legacy IDE quirk: reg 0x10: [io  0x01f0-0x01f7]
[    7.224549] pci 0000:00:01.1: legacy IDE quirk: reg 0x14: [io  0x03f6]
[    7.240144] pci 0000:00:01.1: legacy IDE quirk: reg 0x18: [io  0x0170-0x0177]
[    7.250806] pci 0000:00:01.1: legacy IDE quirk: reg 0x1c: [io  0x0376]
[    7.298671] pci 0000:00:07.0: quirk: [io  0x4000-0x403f] claimed by PIIX4 ACPI
[    7.324635] pci 0000:00:07.0: quirk: [io  0x4100-0x410f] claimed by PIIX4 SMB
[    7.359117] ACPI: PCI Interrupt Link [LNKA] (IRQs 5 9 10 *11)
[    7.429212] ACPI: PCI Interrupt Link [LNKB] (IRQs 5 9 10 *11)
[    7.492037] ACPI: PCI Interrupt Link [LNKC] (IRQs 5 9 *10 11)
[    7.531581] ACPI: PCI Interrupt Link [LNKD] (IRQs 5 *9 10 11)
[    7.579729] ACPI: Enabled 2 GPEs in block 00 to 07
[    7.616279] SCSI subsystem initialized
[    7.633719] vgaarb: setting as boot device: PCI:0000:00:02.0
[    7.679482] vgaarb: device added: PCI:0000:00:02.0,decodes=io+mem,owns=io+mem,locks=none
[    7.696459] vgaarb: loaded
[    7.730662] vgaarb: bridge control possible 0000:00:02.0
[    7.744479] ACPI: bus type USB registered
[    7.758173] usbcore: registered new interface driver usbfs
[    7.762135] usbcore: registered new interface driver hub
[    7.781071] usbcore: registered new device driver usb
[    7.786735] PCI: Using ACPI for IRQ routing
[    7.790239] NetLabel: Initializing
[    7.801393] NetLabel:  domain hash size = 128
[    7.828670] NetLabel:  protocols = UNLABELED CIPSOv4
[    7.871126] NetLabel:  unlabeled traffic allowed by default
[    7.919734] clocksource: Switched to clocksource kvm-clock
[  796747 VFS: Disk quotas dquot_6.6.0
[    8.136076] VFS: Dquot-cache hash table ntes: 512 (order 0, 096bys)
[   8.361469] AppArmor: AppArmor Filesystm Enabled
[    8.453366] pp: PP API iit
[   8.5848] np: PnP ACPI: found 3 devices

[    8.716267] clocksource: acpi_pm: mask: 0xffffff max_cycles: 0xffffff, max_idle_ns: 2085701024 ns
[    8.761921] NET: Registered protocol family 2
[    8.798980] TCP established hash table entries: 16384 (order: 5, 131072 bytes)
[    8.817068] TCP bind hash table entries: 16384 (order: 6, 262144 bytes)
[    8.843174] TCP: Hash tables configured (established 16384 bind 16384)
[    8.903724] UDP hash table entries: 1024 (order: 3, 32768 bytes)
[    8.949363] UDP-Lite hash table entries: 1024 (order: 3, 32768 bytes)
[    9.004971] NET: Registered protocol family 1
[    9.036644] pci 0000:00:00.0: Limiting direct PCI/PCI transfers
[    9.065859] pci 0000:00:01.0: Activating ISA DMA hang workarounds
[    9.096827] pci 0000:00:02.0: Video device with shadowed ROM at [mem 0x000c0000-0x000dffff]
[    9.128808] Trying to unpack rootfs image as initramfs...
[   11.337695] Freeing initrd memory: 9072K (ffff909c36e38000 - ffff909c37714000)
[   11.402349] platform rtc_cmos: registered platform RTC device (no PNP device found)
[   11.480661] Scanning for low memory corruption every 60 seconds
[   11.586205] futex hash table entries: 512 (order: 3, 32768 bytes)
[   11.591844] audit: initializing netlink subsys (disabled)
[   11.594302] audit: type=2000 audit(1482290646.531:1): initialized
[   11.596865] Initialise system trusted keyrings
[   11.599341] workingset: timestamp_bits=40 max_order=19 bucket_order=0
[   11.609076] zbud: loaded
[   11.615601] squashfs: version 4.0 (2009/01/31) Phillip Lougher
[   11.618990] fuse init (API version 7.25)
[   11.640243] Key type big_key registered
[   11.657534] Allocating IMA blacklist keyring.
[   11.667429] Key type asymmetric registered
[   11.669235] Asymmetric key parser 'x509' registered
[   11.670444] Block layer SCSI generic (bsg) driver version 0.4 loaded (major 248)
[   11.672369] io scheduler noop registered
[   11.673328] io scheduler deadline registered (default)
[   11.688495] io scheduler cfq registered
[   11.721960] pci_hotplug: PCI Hot Plug PCI Core version: 0.5
[   11.723558] pciehp: PCI Express Hot Plug Controller Driver version: 0.4
[   11.761200] ACPI: AC Adapter [AC] (on-line)
[   11.773753] input: Power Button as /devices/LNXSYSTM:00/LNXPWRBN:00/input/input0
[   11.822067] ACPI: Power Button [PWRF]
[   11.868812] input: Sleep Button as /devices/LNXSYSTM:00/LNXSLPBN:00/input/input1
[   11.900498] ACPI: Sleep Button [SLPF]
[   11.918073] GHES: HEST is not enabled!
[   11.920151] ACPI: Battery Slot [BAT0] (battery present)
[   11.947823] Serial: 8250/16550 driver, 32 ports, IRQ sharing enabled
[   11.982672] 00:02: ttyS0 at I/O 0x3f8 (irq = 4, base_baud = 115200) is a 16550A
[   12.011941] Linux agpgart interface v0.103
[   12.019067] brd: module loaded
[   12.058501] loop: module loaded
[   12.073464] scsi host0: ata_piix
[   12.081465] scsi host1: ata_piix
[   12.100402] ata1: PATA max UDMA/33 cmd 0x1f0 ctl 0x3f6 bmdma 0xd000 irq 14
[   12.133910] ata2: PATA max UDMA/33 cmd 0x170 ctl 0x376 bmdma 0xd008 irq 15
[   2.6201] libphy: Fixed MDIO Bus: probed
[   12.270955] tun: Universal TUN/TAP device driver, 1.6
[   12.304296] tun: (C) 1999-2004 Max Krasnyansky <maxk@qualcomm.com>
[   12.306752] PPP generic driver version 2.4.2
[   12.322389] ehci_hcd: USB 2.0 'Enhanced' Host Controller (EHCI) Driver
[   12.337061] ehci-pci: EHCI PCI platform driver
[   12.348572] ehci-platform: EHCI generic platform driver
[   12.358706] ohci_hcd: USB 1.1 'Open' Host Controller (OHCI) Driver
[   12.364176] ohci-pci: OHCI PCI platform driver
[   12.371402] ohci-platform: OHCI generic platform driver
[   12.377642] uhci_hcd: USB Universal Host Controller Interface driver
[   12.382343] i8042: PNP: PS/2 Controller [PNP0303:PS2K,PNP0f03:PS2M] at 0x60,0x64 irq 1,12
[   12.393696] serio: i8042 KBD port at 0x60,0x64 irq 1
[   12.398818] serio: i8042 AUX port at 0x60,0x64 irq 12
[   12.401687] mousedev: PS/2 mouse device common for all mice
[   12.420294] rtc_cmos rtc_cmos: rtc core: registered rtc_cmos as rtc0
[   12.432277] tsc: Refined TSC clocksource calibration: 2000.860 MHz
[   12.432287] clocksource: tsc: mask: 0xffffffffffffffff max_cycles: 0x1cd75aaea73, max_idle_ns: 440795225540 ns
[   12.475288] rtc_cmos rtc_cmos: alarms up to one day, 114 bytes nvram
[   12.477245] i2c /dev entries driver
[   2.47772 ipu ATrnslated Set 2 keyboard as /devices/platform/i8042/serio0/input/input2
[   12.79555 device-mapper: uevent: versi 1.3
[   13.016942] device-mapper: ioctl: 4.35.0-ioctl (2016-06-23) initialised: dm-devel@redhat.com
[   13.048100] ledtrig-cpu: registered to indicate activity on CPUs
[   13.069019] NET: Registered protocol family 10
[   13.088900] NET: Registered protocol family 17
[   13.098549] Key type dns_resolver registered
[   13.119431] microcode: sig=0x40651, pf=0x40, revision=0x0
[   13.131967] microcode: Microcode Update Driver: v2.01 <tigran@aivazian.fsnet.co.uk>, Peter Oruba
[   13.156039] registered taskstats version 1
[   13.200409] Loading compiled-in X.509 certificates
[   13.221196] Loaded X.509 cert 'Build time autogenerated kernel key: f9fe0b8b2423b6a482548eec0a3f48d747bb5281'
[   13.226056] zswap: loaded using pool lzo/zbud
[   13.300210] Key type trusted registered
[   13.325206] Key type encrypted registered
[   13.328301] AppArmor: AppArmor sha1 policy hashing enabled
[   13.351509] ima: No TPM chip found, activating TPM-bypass!
[   13.372395] evm: HMAC attrs: 0x1
[   13.416904]   Magic number: 12:305:412
[   13.457496] rtc_cmos rtc_cmos: setting system clock to 2016-12-21 03:24:10 UTC (1482290650)
[   13.482841] BIOS EDD facility v0.16 2004-Jun-25, 0 devices found
[   13.502482] EDD information not available.
[   13.509071] Freeing unused kernel memory: 1548K (ffffffff98968000 - ffffffff98aeb000)
[   13.561985] Write protecting the kernel read-only data: 14336k
[   13.581823] Freeing unused kernel memory: 1396K (ffff909c7b0a3000 - ffff909c7b200000)
[   13.618828] Freeing unused kernel memory: 288K (ffff909c7b5b8000 - ffff909c7b600000)
[   13.648222] x86/mm: Checked W+X mappings: passed, no W+X pages found.
Loading, please wait...
[   13.686145] random: systemd-udevd: uninitialized urandom read (16 bytes read)
starting version[   13.701757] random: systemd-udevd: uninitialized urandom read (16 bytes read)
 231
[   13.703061] random: udevadm: uninitialized urandom read (16 bytes read)
[   13.703089] random: udevadm: uninitialized urandom read (16 bytes read)
[   13.703651] random: udevadm: uninitialized urandom read (16 bytes read)
[   13.703697] random: udevadm: uninitialized urandom read (16 bytes read)
[   13.703707] random: udevadm: uninitialized urandom read (16 bytes read)
[   13.703974] random: udevadm: uninitialized urandom read (16 bytes read)
[   13.704014] random: udevadm: uninitialized urandom read (16 bytes read)
[   13.704055] random: udevadm: uninitialized urandom read (16 bytes read)
[   13.861043] e1000: Intel(R) PRO/1000 Network Driver - version 7.3.21-k8-NAPI
[   13.903683] e1000: Copyright (c) 1999-2006 Intel Corporation.
[   13.932531] Fusion MPT base driver 3.04.20
[   13.940044] Copyright (c) 1999-2008 LSI Corporation
[   14.018419] AVX version of gcm_enc/dec engaged.
[   14.025702] AES CTR mode by8 optimization enabled
[   14.071408] Fusion MPT SPI Host driver 3.04.20
[   14.075240] mptbase: ioc0: Initiating bringup
[   14.176704] ioc0: LSI53C1030 A0: Capabilities={Initiator}
[   14.199792] input: ImExPS/2 BYD TouchPad as /devices/platform/i8042/serio1/input/input4
[   14.443576] scsi host2: ioc0: LSI53C1030 A0, FwRev=00000000h, Ports=1, MaxQ=256, IRQ=20
[   14.681599] scsi 2:0:0:0: Direct-Access     VBOX     HARDDISK         1.0  PQ: 0 ANSI: 5
[   14.757284] scsi target2:0:0: Beginning Domain Validation
[   14.788581] scsi target2:0:0: Domain Validation skipping write tests
[   14.794932] scsi target2:0:0: Ending Domain Validation
[   14.798909] scsi target2:0:0: asynchronous
[   14.916439] scsi 2:0:1:0: Direct-Access     VBOX     HARDDISK         1.0  PQ: 0 ANSI: 5
[   15.014406] scsi target2:0:1: Beginning Domain Validation
[   15.068571] scsi target2:0:1: Domain Validation skipping write tests
[   15.118178] scsi target2:0:1: Ending Domain Validation
[   15.122839] scsi target2:0:1: asynchronous
[   15.232142] random: fast init done
[   15.421451] sd 2:0:0:0: Attached scsi generic sg0 type 0
[   15.424872] sd 2:0:1:0: Attached scsi generic sg1 type 0
[   15.429535] sd 2:0:1:0: [sdb] 20480 512-byte logical blocks: (10.5 MB/10.0 MiB)
[   15.431964] sd 2:0:0:0: [sda] 20971520 512-byte logical blocks: (10.7 GB/10.0 GiB)
[   15.437787] sd 2:0:0:0: [sda] Write Protect is off
[   15.443296] sd 2:0:0:0: [sda] Incomplete mode parameter data
[   15.443298] sd 2:0:0:0: [sda] Assuming drive cache: write through
[   15.476919]  sda: sda1
[   15.487160] sd 2:0:0:0: [sda] Attached SCSI disk
[   15.644734] sd 2:0:1:0: [sdb] Write Protect is off
[   15.656052] sd 2:0:1:0: [sdb] Incomplete mode parameter data
[   15.672060] sd 2:0:1:0: [sdb] Assuming drive cache: write through
[   15.739286] e1000 0000:00:03.0 eth0: (PCI:33MHz:32-bit) 02:e8:42:0f:38:20
[   15.760862] e1000 0000:00:03.0 eth0: Intel(R) PRO/1000 Network Connection
[   15.773374] sd 2:0:1:0: [sdb] Attached SCSI disk
[   16.315470] e1000 0000:00:08.0 eth1: (PCI:33MHz:32-bit) 08:00:27:ac:90:2f
[   16.317973] e1000 0000:00:08.0 eth1: Intel(R) PRO/1000 Network Connection
[   16.325003] e1000 0000:00:03.0 enp0s3: renamed from eth0
[   16.366317] e1000 0000:00:08.0 enp0s8: renamed from eth1
[   17.265147] floppy0: no floppy controllers found
Begin: Loading e[   19.169811] md: linear personality registered for level -1
ssential drivers[   19.191082] md: multipath personality registered for level -4
 ... [   19.249200] md: raid0 personality registered for level 0
[   19.266070] md: raid1 personality registered for level 1
[   19.363909] raid6: sse2x1   gen()  6280 MB/s
[   19.455919] raid6: sse2x1   xor()  4633 MB/s
[   19.575922] raid6: sse2x2   gen()  6224 MB/s
[   19.651816] raid6: sse2x2   xor()  4246 MB/s
[   19.736261] raid6: sse2x4   gen()  6953 MB/s
[   19.819817] raid6: sse2x4   xor()  5869 MB/s
[   19.830873] raid6: using algorithm sse2x4 gen() 6953 MB/s
[   19.854379] raid6: .... xor() 5869 MB/s, rmw enabled
[   19.868949] raid6: using ssse3x2 recovery algorithm
[   19.890614] xor: automatically using best checksumming function: avx
[   19.910353] async_tx: api initialized (async)
[   19.939352] md: raid6 personality registered for level 6
[   19.942753] md: raid5 personality registered for level 5
[   19.956379] md: raid4 personality registered for level 4
[   19.981179] md: raid10 personality registered for level 10
done.
Begin: Running /scripts/init-premount ... done.
Begin: Mounting root file system ... Begin: Running /scripts/local-top ... done.
Begin: Running /scripts/local-premount ... [   20.180526] Btrfs loaded, crc32c=crc32c-intel
Scanning for Btrfs filesystems
done.
Warning: fsck not present, so skipping root file system
[   20.291518] EXT4-fs (sda1): INFO: recovery required on readonly filesystem
[   20.314947] EXT4-fs (sda1): write access will be enabled during recovery
[   20.618257] EXT4-fs (sda1): recovery complete
[   21.316621] EXT4-fs (sda1): mounted filesystem with ordered data mode. Opts: (null)
done.
Begin: Running /scripts/local-bottom ... done.
Begin: Running /scripts/init-bottom ... /scripts/init-bottom/plymouth: line 18: /bin/plymouth: not found
done.
[   21.584437] ip_tables: (C) 2000-2006 Netfilter Core Team
[   21.681698] systemd[1]: systemd 231 running in system mode. (+PAM +AUDIT +SELINUX +IMA +APPARMOR +SMACK +SYSVINIT +UTMP +LIBCRYPTSETUP +GCRYPT +GNUTLS +ACL +XZ -LZ4 +SECCOMP +BLKID +ELFUTILS +KMOD +IDN)
[   21.690666] systemd[1]: Detected virtualization oracle.
[   21.700754] systemd[1]: Detected architecture x86-64.

Welcome to [1mUbuntu 16.10[0m!

[   21.759718] systemd[1]: Set hostname to <rails-dev-box>.
[   21.838284] systemd-fstab-generator[419]: Failed to create swap unit file /run/systemd/generator/swapfile.swap, as it already exists. Duplicate entry in /etc/fstab?
[   21.871431] systemd-fstab-generator[419]: Failed to create swap unit file /run/systemd/generator/swapfile.swap, as it already exists. Duplicate entry in /etc/fstab?
[   21.909867] systemd-fstab-generator[419]: Failed to create swap unit file /run/systemd/generator/swapfile.swap, as it already exists. Duplicate entry in /etc/fstab?
[   21.941070] systemd-fstab-generator[419]: Failed to create swap unit file /run/systemd/generator/swapfile.swap, as it already exists. Duplicate entry in /etc/fstab?
[   21.993338] systemd[410]: /lib/systemd/system-generators/systemd-fstab-generator failed with error code 1.
[   22.187107] systemd[1]: Created slice System Slice.
[[0;32m  OK  [0m] Created slice System Slice.
[   22.199584] systemd[1]: Reached target User and Group Name Lookups.
[[0;32m  OK  [0m] Reached target User and Group Name Lookups.
[   2.216978] systemd[1]: Listening on /dev/initctl CompatibilityNamed Pipe.
[[0;32m  OK  [0m] Listening on /dev/initctl Compatibility Named Pipe.
[   2.348377] systemd[1]: Listening on udev Control Socket.

[[0;32m  OK  [0m] Listening on udev Control Socket.
[   22.383579] systemd[1]: Listening on udev Kernel Socket.
[[0;32m  OK  [0m] Listening on udev Kernel Socket.
[[0;32m  OK  [0m] Reached target Encrypted Volumes.
[[0;32m  OK  [0m] Started Forward Password Requests to Wall Directory Watch.
[[0;32m  OK  [0m] Listening on LVM2 poll daemon socket.
[[0;32m  OK  [0m] Created slice system-postgresql.slice.
[[0;32m  OK  [0m] Created slice User and Session Slice.
[[0;32m  OK  [0m] Listening on Journal Socket (/dev/log).
[[0;32m  OK  [0m] Listening on LVM2 metadata daemon socket.
[[0;32m  OK  [0m] Listening on Device-mapper event daemon FIFOs.
[[0;32m  OK  [0m] Listening on Journal Audit Socket.
[[0;32m  OK  [0m] Set up automount Arbitrary Executab...ats File System Automount Point.
[[0;32m  OK  [0m] Created slice system-serial\x2dgetty.slice.
[[0;32m  OK  [0m] Reached target Slices.
[[0;32m  OK  [0m] Listening on Journal Socket.
         Mounting Debug File System...
         Mounting POSIX Message Queue File System...
         Starting Nameserver information manager...
         Starting Monitoring of LVM2 mirrors... dmeventd or progress polling...
         Starting Set the console keyboard layout...
         [   23.637418] Loading iSCSI transport class v2.0-870.
Starting Load Kernel Modules...
         [   23.669823] iscsi: registered transport (tcp)
Starting Remount[   23.674840] EXT4-fs (sda1): re-mounted. Opts: (null)
 Root and Kernel File Systems...
         Starting Create [   23.711939] iscsi: registered transport (iser)
list of required st... nodes for the current kernel...
         Mounting Huge Pages File System...
         Starting Uncomplicated firewall...
[[0;32m  OK  [0m] Listening on Syslog Socket.
         Starting Journal Service...
[[0;32m  OK  [0m] Mounted POSIX Message Queue File System.
[[0;32m  OK  [0m] Mounted Huge Pages File System.
[[0;32m  OK  [0m] Mounted Debug File System.
[[0;32m  OK  [0m] Started Journal Service.
[[0;32m  OK  [0m] Started Load Kernel Modules.
[[0;32m  OK  [0m] Started Remount Root and Kernel File Systems.
[[0;32m  OK  [0m] Started Create list of required sta...ce nodes for the current kernel.
[[0;32m  OK  [0m] Started Uncomplicated firewall.
[[0;32m  OK  [0[   25.534419] random: crng init done
m] Started Nameserver information manager.
[[0;32m  OK  [0m] Started LVM2 metadata daemon.
         Starting Create Static Device Nodes in /dev...
         Activating swap /swapfile...
         Starting Load/Save Random Seed...
         Starting udev Coldplug all Devices...
[   25.733836] Adding 2097148k swap on /swapfile.  Priority:-1 extents:6 across:2465788k FS
         Starting Apply Kernel Variables...
         Mounting FUSE Control File System...
         Mounting Configuration File System...
         Starting Flush Journal to Persistent Storage...
[[0;32m  OK  [0m] Activated swap /swapfile.
[[0;32m  OK  [0m] Mounted Configuration File System.
[[0;32m  OK  [0m] Mounted FUSE Control File System.
[[0;32m  OK  [0m] Started Monitoring of LVM2 mirrors,...ng dmeventd or progress polling.
[[0;32m  OK  [0m] Started Set the console keyboard layout.
[[0;32m  OK  [0m] Started Create Static Device Nodes in /dev.
[[0;32m  OK  [0m] Started Load/Save Random Seed.
[[0;32m  OK  [0m] Started Apply Kernel Variables.
[[0;32m  OK  [0m] Started udev Coldplug all Devices.
         Starting udev Kernel Device Manager...
[[0;32m  OK  [0m] Reached target Swap.
[[0;32m  OK  [0m] Started Flush Journal to Persistent Storage.
[[0;32m  OK  [0m] Started udev Kernel Device Manager.
[[0;32m  OK  [0m] Found device /dev/ttyS0.
[[0;32m  OK  [0m] Started Dispatch Password Requests to Console Directory Watch.
[[0;32m  OK  [0m] Reached target Local File Systems (Pre).
[[0;32m  OK  [0m] Reached target Local File Systems.
         Starting Tell Plymouth To Write Out Runtime Data...
         Starting Initial cloud-init job (pre-networking)...
         Starting Set console font and keymap...
         Starting Create Volatile Files and Directories...
         Starting ebtables ruleset management...
         Starting AppArmor initialization...
         Starting Run snappy firstboot setup...
[[0;32m  OK  [0m] Started Tell Plymouth To Write Out Runtime Data.
[[0;32m  OK  [0m] Started Set console font and keymap.
[[0;32m  OK  [0m] Started Create Volatile Files and Directories.
[[0;32m  OK  [0m] Started Run snappy firstboot setup.
[   22.903751] cloud-init[980]: Cloud-init v. 0.7.8 running 'init-local' at Wed, 21 Dec 2016 03:24:26 +0000. Up 21.98 seconds.
[[0;32m  OK  [0m] Started ebtables ruleset management.
[[0;1;31mFAILED[0m] Failed to start AppArmor initialization.
See 'systemctl status apparmor.service' for details.
[[0;32m  OK  [0m] Started Initial cloud-init job (pre-networking).
[[0;32m  OK  [0m] Listening on Load/Save RF Kill Switch Status /dev/rfkill Watch.
[[0;32m  OK  [0m] Reached target Network (Pre).
[[0;32m  OK  [0m] Started ifup for enp0s8.
[[0;32m  OK  [0m] Started ifup for enp0s3.
         Starting Raise network interfaces...
         Starting Update UTMP about System Boot/Shutdown...
[[0;32m  OK  [0m] Reached target System Time Synchronized.
[[0;32m  OK  [0m] Started Update UTMP about System Boot/Shutdown.
[   37.117415] systemd-fstab-generator[1388]: Failed to create swap unit file /run/systemd/generator/swapfile.swap, as it already exists. Duplicate entry in /etc/fstab?
[   37.144377] systemd-fstab-generator[1388]: Failed to create swap unit file /run/systemd/generator/swapfile.swap, as it already exists. Duplicate entry in /etc/fstab?
[   37.173465] systemd-fstab-generator[1388]: Failed to create swap unit file /run/systemd/generator/swapfile.swap, as it already exists. Duplicate entry in /etc/fstab?
[   37.336556] systemd-fstab-generator[1388]: Failed to create swap unit file /run/systemd/generator/swapfile.swap, as it already exists. Duplicate entry in /etc/fstab?
[[0;32m  OK  [0m] Reached target System Initialization.
[[0;32m  OK  [0m] Listening on ACPID Listen Socket.
[[0;32m  OK  [0m] Listening on UUID daemon activation socket.
[[0;32m  OK  [0m] Started Daily Cleanup of Temporary Directories.
[[0;32m  OK  [0m] Started Daily apt activities.
         Starting Socket activation for snappy daemon.
         Starting LXD - unix socket.
[[0;32m  OK  [0m] Started Timer to automatically refresh installed snaps.
[[0;32m  OK  [0m] Reached target Timers.
[[0;32m  OK  [0m] Started ACPI Events Check.
[[0;32m  OK  [0m] Reached target Paths.
[[0;32m  OK  [0m] Listening on Socket activation for snappy daemon.
[[0;32m  OK  [0m] Listening on LXD - unix socket.
[   37.865913] systemd-fstab-generator[1423]: Failed to create swap unit file /run/systemd/generator/swapfile.swap, as it already exists. Duplicate entry in /etc/fstab?
[   37.985887] systemd-fstab-generator[1423]: Failed to create swap itil/r/sstem/gerto/spfe.ap, as it already exists. Duplicate entry in /etc/fstab?

[   38.614609] systemd-fstab-generator[1423]: Failed to create swap unit file /run/systemd/generator/swapfile.swap, as it already exists. Duplicate entry in /etc/fstab?
[   38.655763] systemd-fstab-generator[1423]: Failed to create swap unit file /run/systemd/generator/swapfile.swap, as it already exists. Duplicate entry in /etc/fstab?
[   38.765985] systemd-fstab-generator[1446]: Failed to create swap unit file /run/systemd/generator/swapfile.swap, as it already exists. Duplicate entry in /etc/fstab?
[   38.792263] systemd-fstab-generator[1446]: Failed to create swap unit file /run/systemd/generator/swapfile.swap, as it already exists. Duplicate entry in /etc/fstab?
[   38.868519] systemd-fstab-generator[1446]: Failed to create swap unit file /run/systemd/generator/swapfile.swap, as it already exists. Duplicate entry in /etc/fstab?
[   39.018510] systemd-fstab-generator[1446]: Failed to create swap unit file /run/systemd/generator/swapfile.swap, as it already exists. Duplicate entry in /etc/fstab?
[   39.277140] systemd-fstab-generator[1498]: Failed to create swap unit file /run/systemd/generator/swapfile.swap, as it already exists. Duplicate entry in /etc/fstab?
[   393380] ysmdstb-enator[1498]: Failed to create swap unit file /run/systemd/generator/swapfil.swap, as it already exists. Duplicate enryinetfstab

[   40.019878] systemd-fstab-generator[1498]: Failed to create swap unit file /run/systemd/generator/swapfile.swap, as it already exists. Duplicate entry in /etc/fstab?
[   40.039895] systemd-fstab-generator[1498]: Failed to create swap unit file /run/systemd/generator/swapfile.swap, as it already exists. Duplicate entry in /etc/fstab?
[   40.158489] systemd-fstab-generator[1541]: Failed to create swap unit file /run/systemd/generator/swapfile.swap, as it already exists. Duplicate entry in /etc/fstab?
[   40.177639] systemd-fstab-generator[1541]: Failed to create swap unit file /run/systemd/generator/swapfile.swap, as it already exists. Duplicate entry in /etc/fstab?
[   40.227690] systemd-fstab-generator[1541]: Failed to create swap unit file /run/systemd/generator/swapfile.swap, as it already exists. Duplicate entry in /etc/fstab?
[   40.256835] systemd-fstab-generator[1541]: Failed to create swap unit file /run/systemd/generator/swapfile.swap, as it already exists. Duplicate entry in /etc/fstab?
[[0;32m  OK  [0m] Started Raise network interfaces.
         Starting Initial cloud-init job (metadata service crawler)...
[[0;32m  OK  [0m] Reached target Network.
[   34.004647] cloud-init[1556]: Cloud-init v. 0.7.8 running 'init' at Wed, 21 Dec 2016 03:24:37 +0000. Up 33.44 seconds.
[   34.011155] cloud-init[1556]: ci-info: +++++++++++++++++++++++++++++++Net device info++++++++++++++++++++++++++++++++
[   34.033830] cloud-init[1556]: ci-info: +---------+------+---------------+---------------+-------+-------------------+
[   34.042510] cloud-init[1556]: ci-info: |  Device |  Up  |    Address    |      Mask     | Scope |     Hw-Address    |
[   34.064663] cloud-init[1556]: ci-info: +---------+------+---------------+---------------+-------+-------------------+
[   34.073541] cloud-init[1556]: ci-info: |   lo:   | True |   127.0.0.1   |   255.0.0.0   |   .   |         .         |
[[0;32m  OK  [0m] Started Initial cloud-init job (metadata service crawler).
[[0;32m  OK  [0m] Reached target Network is Online.
[   34.492675] cloud-init[1556]: ci-info: |   lo:   | True |       .       |       .       |   d   |         .         |
[   34.643982]          cloud-initStarting iSCSI initiator daemon (iscsid)...[1556]: 
ci-info: | enp0s8: | True | 192.168.33.56 | 255.255.255.0 |   .   | 08:00:27:ac:90:2f |
[   34.729812] [cloud-init[0;32m  OK  [0m[1556]: ] ci-info: | enp0s8: | True |       .       |       .       |   d   | 08:00:27:ac:90:2f |Listening on D-Bus System Message Bus Socket.

[   34.830888] [cloud-init[0;32m  OK  [0m[1556]: ] ci-info: | enp0s3: | True |   10.0.2.15   | 255.255.255.0 |   .   | 02:e8:42:0f:38:20 |Reached target Sockets.

[   34.860469] [cloud-init[0;32m  OK  [0m[1556]: ] ci-info: | enp0s3: | True |       .       |       .       |   d   | 02:e8:42:0f:38:20 |Reached target Basic System.

[   34.861171] cloud-init[1556]: ci-info: +---------+------+---------------+---------------+-------+-------------------+
[   35.005109] [cloud-init[0;32m  OK  [0m[1556]: ] ci-info: ++++++++++++++++++++++++++++Route IPv4 info++++++++++++++++++++++++++++Started Regular background program processing daemon.

[   35.006022] cloud-init[1556]: ci-info: +-------+--------------+----------+---------------+-----------+-------+
[[0;32m  OK  [0m] Started Snappy daemon.
[   35.134900] cloud-init[1556]: ci-info: | Route | Destination  | Gateway  |    Genmask    | Interface | Flags |
         Starting Advanced key-value store...
[   35.200778] cloud-init[1556]: ci-info: +-------+--------------+----------+---------------+-----------+-------+
[   35.287159] [cloud-init[0;32m  OK  [0m[1556]: ] ci-info: |   0   |   0.0.0.0    | 10.0.2.2 |    0.0.0.0    |   enp0s3  |   UG  |Started D-Bus System Message Bus.

[   35.335522]          Starting Login Service...
cloud-init[1556]: ci-info: |   1   |   10.0.2.0   | 0.0.0.0  | 255.255.255.0 |   enp0s3  |   U   |
[   35.391452]          cloud-initStarting LSB: Record successful boot for GRUB...[1556]: 
ci-info: |   2   | 192.168.33.0 | 0.0.0.0  | 255.255.255.0 |   enp0s8  |   U   |
[   35.516960] [cloud-init[0;32m  OK  [0m[1556]: ] ci-info: +-------+--------------+----------+---------------+-----------+-------+Started Deferred execution scheduler.

[[0;32m  OK  [0m] Started memcached daemon.
[[0;32m  OK  [0m] Started FUSE filesystem for LXC.
         Starting PostgreSQL Cluster 9.5-main...
         Starting Accounts Service...
[[0;32m  OK  [0m] Started ACPI event daemon.
         Starting OpenBSD Secure Shell server...
         Starting System Logging Service...
         Starting Network Name Resolution...
         Starting RabbitMQ Messaging Server...
         Starting LXD - container startup/shutdown...
[[0;32m  OK  [0m] Reached target Cloud-config availability.
         Starting Apply the settings specified in cloud-config...
[[0;32m  OK  [0m] Started System Logging Service.
[[0;32m  OK  [0m] Started OpenBSD Secure Shell server.
[[0;32m  OK  [0m] Started Login Service.
[[0;32m  OK  [0m] Started iSCSI initiator daemon (iscsid).
         Starting Login to default iSCSI targets...
         Starting Authenticate and Authorize Users to Run Privileged Tasks...
[[0;32m  OK  [0m] Started LSB: Record successful boot for GRUB.
[[0;32m  OK  [0m] Started Network Name Resolution.
[[0;32m  OK  [0m] Started Login to default iSCSI targets.
[[0;32m  OK  [0m] Started Authenticate and Authorize Users to Run Privileged Tasks.
[[0;32m  OK  [0m] Started Accounts Service.
[[0;32m  OK  [0m] Reached target Remote File Systems (Pre).
[[0;32m  OK  [0m] Reached target Remote File Systems.
         Starting LSB: VirtualBox Linux Additions...
         Starting LSB: daemon to balance interrupts for SMP systems...
         Starting Permit User Sessions...
         Starting LSB: automatic crash report generation...
         Starting LSB: Start/stop sysstat's sadc...
[[0;32m  OK  [0m] Started LXD - container startup/shutdown.
[[0;32m  OK  [0m] Started Advanced key-value store.
[[0;32m  OK  [0m] Started Permit User Sessions.
         Starting Terminate Plymouth Boot Screen...
         Starting Hold until boot process finishes up...
[[0;32m  OK  [0m] Started LSB: VirtualBox Linux Additions.
[[0;32m  OK  [0m] Started LSB: daemon to balance interrupts for SMP systems.
[[0;32m  OK  [0m] Started LSB: automatic crash report generation.
[[0;32m  OK  [0m] Started Apply the settings specified in cloud-config.
[   37.797400] cloud-init[1770]: Cloud-init v. 0.7.8 running 'modules:config' at Wed, 21 Dec 2016 03:24:41 +0000. Up 37.29 seconds.
[[0;32m  OK  [0m] Started Terminate Plymouth Boot Screen.
[[0;32m  OK  [0m] Started Hold until boot process finishes up.
[[0;32m  OK  [0m] Created slice User Slice of ubuntu.
         Starting Set console scheme...
[[0;32m  OK  [0m] Started Serial Getty on ttyS0.
[[0;32m  OK  [0m] Started Set console scheme.
[[0;32m  OK  [0m] Started Session 1 of user ubuntu.
         Starting User Manager for UID 1000...
[[0;32m  OK  [0m] Created slice system-getty.slice.
[[0;32m  OK  [0m] Started Getty on tty1.
[[0;32m  OK  [0m] Reached target Login Prompts.
[[0;32m  OK  [0m] Started User Manager for UID 1000.
[[0;32m  OK  [0m] Started LSB: Start/stop sysstat's sadc.
[[0;32m  OK  [0m] Started RabbitMQ Messaging Server.
[   48.386280] systemd-fstab-generator[2431]: Failed to create swap unit file /run/systemd/generator/swapfile.swap, as it already exists. Duplicate entry in /etc/fstab?
[   48.434505] systemd-fstab-generator[2431]: Failed to create swap unit file /run/systemd/generator/swapfile.swap, as it already exists. Duplicate entry in /etc/fstab?
[   52.090271] systemd-fstab-generator[2431]: Failed to create swap unit file /run/systemd/generator/swapfile.swap, as it already exists. Duplicate entry in /etc/fstab?
[   52.194297] systemd-fstab-generator[2431]: Failed to create swap unit file /run/systemd/generator/swapfile.swap, as it already exists. Duplicate entry in /etc/fstab?
[   52.503378] systemd-fstab-generator[2534]: Failed to create swap unit file /run/systemd/generator/swapfile.swap, as it already exists. Duplicate entry in /etc/fstab?
[   52.670817] systemd-fstab-generator[2534]: Failed to create swap unit file /run/systemd/generator/swapfile.swap, as it already exists. Duplicate entry in /etc/fstab?
[   52.817664] systemd-fstab-generator[2534]: Failed to create swap unit file /run/systemd/generator/swapfile.swap, as it already exists. Duplicate entry in /etc/fstab?
[   52.970801] systemd-fstab-generator[2534]: Failed to create swap unit file /run/systemd/generator/swapfile.swap, as it already exists. Duplicate entry in /etc/fstab?

Ubuntu 16.10 rails-dev-box ttyS0

rails-dev-box login:          Stopping User Manager for UID 1000...
[[0;32m  OK  [0m] Stopped User Manager for UID 1000.
[[0;32m  OK  [0m] Removed slice User Slice of ubuntu.
[[0;32m  OK  [0m] Created slice User Slice of ubuntu.
         Starting User Manager for UID 1000...
[[0;32m  OK  [0m] Started Session 4 of user ubuntu.
[[0;32m  OK  [0m] Started User Manager for UID 1000.
[[0;32m  OK  [0m] Started PostgreSQL Cluster 9.5-main.
         Starting PostgreSQL RDBMS...
[[0;32m  OK  [0m] Started PostgreSQL RDBMS.
[[0;32m  OK  [0m] Reached target Multi-User System.
         Starting Execute cloud user/final scripts...
         Starting Notify bootloader that boot was successful...
[[0;32m  OK  [0m] Reached target Graphical Interface.
         Starting Update UTMP about System Runlevel Changes...
[[0;32m  OK  [0m] Started Notify bootloader that boot was successful.
[[0;32m  OK  [0m] Started Update UTMP about System Runlevel Changes.
[[0;32m  OK  [0m] Started Execute cloud user/final scripts.
[[0;32m  OK  [0m] Reached target Cloud-init target.
[   70.688048] cloud-init[2726]: Cloud-init v. 0.7.8 running 'modules:final' at Wed, 21 Dec 2016 03:25:14 +0000. Up 70.42 seconds.
[   70.688170] cloud-init[2726]: Cloud-init v. 0.7.8 finished at Wed, 21 Dec 2016 03:25:14 +0000. Datasource DataSourceNoCloud [seed=/dev/sdb][dsmode=net].  Up 70.53 seconds
