[    0.00000] Linux version 4.8.0-28-generic (buildd@gw01-6) gcversion 6.2.0 20161005 (Ubuntu 6.2.0-5ubuntu12) ) #30-Ubuntu SMP Fri Nov 11 14:03:52 UTC 2016 (Ubuntu 4.8.0-28.30-generic 4.6)
[    0.0000] Command line: BOOT_IMAGE=/boot/vmlinuz4..0-28-geeric root=AB=cloumgroos o cosoe=ty1coole=ty0
[  000000]ERNEL uprted cpus:
[    0.000000]   Intel GenuineIntel
[    0.000000]   AMD AuthenticAMD
[    .00000]  Cntau CtaurHaul
   0.000000] x86/fpu: Supporting XSAVE  featre0x00: 87 flatg pontegister'[   000000] 86pu: Suporing XSAVE feature 0x2:'SE regstrs'
[  000000] 86/fpu:uppoin XSAVfeture0x4: 'AV registrs'
[  0.000000] x86/fpu: xstate_ofset[2]:  576, xsate_sizes[2]:  256
[    0.000000] x86/fpu: Enabled xstate features 0x7, context size is 832 bytes, using 'standard' format.
[    0.000000] x86/fpu: Using 'eager' FPU context switches.
[    0.000000] e820: BIOS-provided physical RAM map:
[    0.000000] BIOS-e820: [mem 0x0000000000000000-0x000000000009fbff] usable
[   0.000000] BIOS-e820: [mem 0x000000000009fc00-0x000000000009ffff] reserved
[    0.000000] BIOS-e820: [mem 0x00000000000f0000-x000000000fffff] reserved
[    0.000000] BIOS-e820: [mem 0x0000000000100000-0x000000007ffeffff] usable
[    0.000000] BIOS-e820: [mem 0x000000007fff0000-0x000000007fffffff] ACPI data
[    0.000000] BIOS-e820: [m x00000fec0000-x00000000fec00fff] reserved
[    0.000000] BIOS-e820: [mem 0x00000000fee00000-0x00000000fee00fff] reserved
[    0.000000] BIOS-e820: [mem 0x00000000fffc0000-0x00000000ffffffff] reserved
[    0.000000] NX (Execute Disabl protectio: tive[   .00000] BIOS 5 present.
[    0.000000] Hypervisor detected: KVM
[    0.00000]e82 lst_pn  07fff0 mx_ch_pfn = 0x400000000
[  00000] MRR: Disle
[    0.000000] x86/PAT: MTRRs disabled, skipping PAT initialization too.
[    0.000000] x86/PAT: Configuration [0-7]: WB  WT  UC- UC  WB  WT  UC- UC  
[    0.000000] CPU MTRRs all blank - virtualized system.
[    0.000000] found SMP MP-table t [mem 0x0009fff0-0x0009fff] maped at [ffff9d718009fff0]
[    0.000000] Scannng 1 areas for low memory corruption
[    0.000000] RAMDISK: [mem 0x36e38000-0x37713fff]
[    .000000] ACPI: Earlyable cecsum verification disabled
[    0.000000] ACPI: RSDP 0x00000000000E0000 000024 (v02 VBOX  )
[    0.000000] ACPI: XSDT 0x000000007FFF0030 00003C (v01 VBOX   VBOXXSDT 00000001 ASL  00000061)
[    0.000000] ACPI: FACP 0x000000007FFF000 000F4 (v VBOX  BOXFA 0000001 ASL  00000061)
[    0.000000] ACPI: DSDT 0x000000007FFF0470 00210F (v01 BO   VBOXBIOS 00000002 NTL0100528)
[    0.000000] ACPI: FACS 0x000000007FFF0200 000040
[    0.0000] ACPI: FACS 0x000000007FFF0200 000040
[    0.000000] ACPI: APIC 0x000000007FFF0240 00005C (v02 VBOX   VBOXAPIC 00000001 ASL  00000061)
[    0.000000] ACPI: SSDT 0x000000007FFF0A00001 (01 VBO  BOCP 000000INTL 2010528)
[    0.00000]NoUMA onfiguration found
[   000000 Fkinga od a [emx0000000000000-0x000000007ffeffff]
[    0.0000] ODDATA(0 aocatd me 0x7ffb00-0x7feff][   0.000] kvm-clock: Using msrs 4b564d01 and 4b564d00
[   .0000]kvm-lock: cpu 0,ms0:7ffe701 pimy cp cck
  0.0000] kvm-clock: using sched offset of 3787918777 cycles
[    0.000000] clocksource: kvm-clock: mask: 0xffffffffffffffff max_cycle 0x1c2e4dffb, max_idle_ns: 881590591483 ns
[    0.000000] Zone ranges:
[    0.000000]   DMA      [mem 0x0000000000001000-0x0000000000ffffff]
[    0.0000]   DMA32    [mem 0x0000000001000000-0x000000007ffeffff]
[    0.000000]   Normal   empty
[    0.000000]   Device   empty
[    0.000000] Movable zone start for each node
[    0.000000] Early memory node range
[    0.000000]   node   0: [mem 0x0000000000001000-0x000000000009efff]
[    0.000000]   node   0: [mem 0x0000000000100000-0x000000007ffeffff]
[    0.000000] Initmem seup no 0 [mem 0x0000000000001000-0x000000007ffefff]
[  0000000ACPI:M-imer IO Pot:0x008[    0.000000] IOAPIC[0]: apic_id 2, version 32, address 0xfec00000, GSI 0-23
[    0.000000] ACPI: INT_SRC_OVR (bus 0 bus_irq 0 global_irq 2 dfl dfl)
[    0.000000] ACPI: INT_SRC_OVR (bus 0 b_irq 9 global_irq 9 high level)
[    0.000000] Using ACPI ADT) for SMP configuration information
[    0.000000] smpboot: Allowing 2 CPUs, 0 hotplug CPUs
[    0.000000] PM: Registered nosave memory: [mem 0x00000000-0x00000fff]
[    0.000000] PM: Registered nosave mory: [m 0x009f000-x09ffff
   0.0000 PM: Regtered nosave memory: [m x00a00-0x000effff]
[    0.000000] PM: Registered nosave memory: [mem 0x000f0000-0x000fffff]
[    0.000000] e820: [mem 0x80000000-0xfebfffff] available for PCI devices
[   0.000000] Booting paravirtualiized kernel on KVM
[    0.000000] clocksouce: refinedd-ifies: mask: 0xffffffff max_cycles: 0xffffffff, max_idle_ns: 7645519600211568 ns
[    0.000000] setup_percpu: NR_CPUS:256 nr_cpumask_bits:256 nr_cpu_ids:2 nr_node_ids:1
[    0.000000percpu: Embedded 36 pages/cpu @ff9d1ff0000 s1754 r8192 d31720 u1048576
[    0.000000] PV qspinlock hash table entries: 256 (order: 0, 4096 bytes)
[    0.000000] ui 1 zoneiss in od order mobility grouping on.  Total pages: 515961
[    0.000000] Policy zone: DMA32
[    0.000000] Kernel command line: BOOT_IMAGE=/boot/vmlinuz-4.8.0-28-generic root=LABEL=cloudimg-rootfs ro onolety coso=tty0
[  .000000]IDhash ab entries: 4096 (order 33276 bes)
[  0.0000] mory: 2035508K/2096696K ailale (8827K kernel code, 1432K rwdata, 3808K rodata, 1548K init,1272K bss, 6118K reserved, 0K cma-reserved)
[    0.000000] SLUB: HWign=64,rder=0-3, MinObjects=0, CPUs=2, Nodes=1
[    0.000000] Hierarchical RCU implemention.
[    0.000000] 	Build-time adjustment of leaf fanout to 64.
[    0.000000] 	RCU restricting CPUs from NR_CPUS=256 to _cpu_ids=2.
[    0.000000] RCU: Adjusting geometry for rcu_fanout_leaf=64, nr_cpu_ids=2
[    0.000000] NR_IRQS:16640 nr_irqs:440 16
[    0.000000] Console: colour VGA+ 80x25
[    0.000000] consol [ty1enbled
[    .00000] cool [tS0 enle
[    0.000000] tsc: Detected 2000.000 MHz processor
[    8.603203] Calibrating delay loop (skipped) preset value.. 4000.00 BogoMIPS (lpj=8000000)
[    8.661373] pid_max: default: 32768 minimum: 301
[    8.721671] ACPI: Core revision 20160422
[    8.768046] ACPI: 2 ACPI AML tables successfully acquired and loaded
[    8.860994] 
[    8.876903] Security Framework initialized
[    8.916333] Yama: becoming mindful.
[    8.942865] AppArmor: AppArmor initialized
[    8.991354] Dentry cache hash table entries: 262144 (order: 9, 2097152 bytes)
[    9.045892] Inode-cache hash table entries: 131072 (order: 8, 1048576 bytes)
[    9.169950] Mount-cache hash table entries: 4096 (order: 3, 32768 bytes)
[    9.181436] Mountpoint-cache hash table entries: 4096 (order: 3, 32768 bytes)
[    9.195108] CPU: Physical Processor ID: 0
[    9.204633] CPU: Processor Core ID: 0
[    9.209020] mce: CPU supports 0 MCE banks
[    9.213787] Last level iTLB entries: 4KB 1024, 2MB 1024, 4MB 1024
[    9.301670] Last level dTLB entries: 4KB 1024, 2MB 1024, 4MB 1024, 1GB 4
[    9.384505] Freeing SMP alternatives memory: 32K (ffffffff98aeb000 - ffffffff98af3000)
[    9.474974] ftrace: allocating 33372 entries in 131 pages
[    9.604909] smpboot: APIC(0) Converting physical 0 to logical package 0
[    9.638227] smpboot: Max logical packages: 1
[    9.691700] x2apic enabled
[    9.710577] Switched APIC routing to physical x2apic.
[    9.764869] ..TIMER: vector=0x30 apic1=0 pin1=2 apic2=-1 pin2=-1
[    9.945150] APIC calibration not consistent with PM-Timer: 96ms instead of 100ms
[    9.995035] APIC delta adjusted to PM-Timer: 6252019 (6053920)
[    9.997263] smpboot: CPU0: Intel(R) Core(TM) i5-4260U CPU @ 1.40GHz (family: 0x6, model: 0x45, stepping: 0x1)
[   10.068848] Performance Events: unsupported p6 CPU model 69 no PMU driver, software events only.
[   10.075902] KVM setup paravirtual spinlock
[   10.079778] x86: Booting SMP configuration:
[   10.136152] .... node  #0, CPUs:      #1
[   10.156717] kvm-clock: cpu 1, msr 0:7ffe7041, secondary cpu clock
[   10.161967] mce: CPU supports 0 MCE banks
[   10.173790] x86: Booted up 1 node, 2 CPUs
[   10.208152] smpboot: Total of 2 processors activated (8000.00 BogoMIPS)
[   10.223591] devtmpfs: initialized
[   10.281719] x86/mm: Memory block size: 128MB
[   10.331368] evm: security.selinux
[   10.338385] evm: security.SMACK64
[   10.339524] evm: security.SMACK64EXEC
[   10.350521] evm: security.SMACK64TRANSMUTE
[   10.363114] evm: security.SMACK64MMAP
[   10.371342] evm: security.ima
[   10.401863] evm: security.capability
[   10.412689] clocksource: jiffies: mask: 0xffffffff max_cycles: 0xffffffff, max_idle_ns: 7645041785100000 ns
[   10.445011] pinctrl core: initialized pinctrl subsystem
[   10.452707] RTC time:  2:07:31, date: 12/20/16
[   10.454329] NET: Registered protocol family 16
[   10.470544] cpuidle: using governor ladder
[   10.494616] cpuidle: using governor menu
[   10.520344] PCCT header not found.
[   10.558699] ACPI: bus type PCI registered
[   10.563611] acpiphp: ACPI Hot Plug PCI Controller Driver version: 0.5
[   10.612032] PCI: Using configuration type 1 for base access
[   10.634427] HugeTLB registered 2 MB page size, pre-allocated 0 pages
[   10.695598] ACPI: Added _OSI(Module Device)
[   10.734730] ACPI: Added _OSI(Processor Device)
[   10.776141] ACPI: Added _OSI(3.0 _SCP Extensions)
[   10.833283] ACPI: Added _OSI(Processor Aggregator Device)
[   10.852480] ACPI: Executed 1 blocks of module-level executable AML code
[   10.912210] ACPI: Interpreter enabled
[   10.955943] ACPI: (supports S0 S5)
[   10.987934] ACPI: Using IOAPIC for interrupt routing
[   11.035446] PCI: Using host bridge windows from ACPI; if necessary, use "pci=nocrs" and report a bug
[   11.125762] ACPI: PCI Root Bridge [PCI0] (domain 0000 [bus 00-ff])
[   11.191195] acpi PNP0A03:00: _OSC: OS supports [ASPM ClockPM Segments MSI]
[   11.255179] acpi PNP0A03:00: _OSC failed (AE_NOT_FOUND); disabling ASPM
[   11.288427] acpi PNP0A03:00: fail to add MMCONFIG information, can't access extended PCI configuration space under this bridge.
[   11.348469] PCI host bridge to bus 0000:00
[   11.349801] pci_bus 0000:00: root bus resource [io  0x0000-0x0cf7 window]
[   11.351742] pci_bus 0000:00: root bus resource [io  0x0d00-0xffff window]
[   11.424238] pci_bus 0000:00: root bus resource [mem 0x000a0000-0x000bffff window]
[   11.456832] pci_bus 0000:00: root bus resource [mem 0x80000000-0xffdfffff window]
[   11.466015] pci_bus 0000:00: root bus resource [bus 00-ff]
[   11.484111] pci 0000:00:01.1: legacy IDE quirk: reg 0x10: [io  0x01f0-0x01f7]
[   11.497643] pci 0000:00:01.1: legacy IDE quirk: reg 0x14: [io  0x03f6]
[   11.511356] pci 0000:00:01.1: legacy IDE quirk: reg 0x18: [io  0x0170-0x0177]
[   11.527256] pci 0000:00:01.1: legacy IDE quirk: reg 0x1c: [io  0x0376]
[   11.566786] pci 0000:00:07.0: quirk: [io  0x4000-0x403f] claimed by PIIX4 ACPI
[   11.582836] pci 0000:00:07.0: quirk: [io  0x4100-0x410f] claimed by PIIX4 SMB
[   11.631411] ACPI: PCI Interrupt Link [LNKA] (IRQs 5 9 10 *11)
[   11.667527] ACPI: PCI Interrupt Link [LNKB] (IRQs 5 9 10 *11)
[   11.711280] ACPI: PCI Interrupt Link [LNKC] (IRQs 5 9 *10 11)
[   11.777861] ACPI: PCI Interrupt Link [LNKD] (IRQs 5 *9 10 11)
[   11.812732] ACPI: Enabled 2 GPEs in block 00 to 07
[   11.859756] SCSI subsystem initialized
[   11.873616] vgaarb: setting as boot device: PCI:0000:00:02.0
[   11.935421] vgaarb: device added: PCI:0000:00:02.0,decodes=io+mem,owns=io+mem,locks=none
[   11.985802] vgaarb: loaded
[   12.011406] vgaarb: bridge control possible 0000:00:02.0
[   12.053511] ACPI: bus type USB registered
[   12.063370] usbcore: registered new interface driver usbfs
[   12.129632] usbcore: registered new interface driver hub
[   12.219430] usbcore: registered new device driver usb
[   12.264749] PCI: Using ACPI for IRQ routing
[   12.325556] NetLabel: Initializing
[   12.338580] NetLabel:  domain hash size = 128
[   12.352537] NetLabel:  protocols = UNLABELED CIPSOv4
[   12.354047] NetLabel:  unlabeled traffic allowed by default
[   12.385289] clocksource: Switched to clocksource kvm-clock
[   12450559] VFS: Disk quotas dquot_6.6.0
[   12.487380] VFS: Dquot-cac hsh tleenri: 12orr , 409 bes)
[   13.029408] AppArmor: AppArmor Fisyemnabld  3.89] p:nPACPI it
[  16730 p: nPAC: un 3device
[   14.198557] clocksource: acpi_pm: mask: 0xffffff max_cycles: 0xffffff, max_idle_ns: 2085701024 ns
[   14.254485] NET: Registered protocol family 2
[   14.257090] TCP established hash table entries: 16384 (order: 5, 131072 bytes)
[   14.275092] TCP bind hash table entries: 16384 (order: 6, 262144 bytes)
[   14.349128] TCP: Hash tables configured (established 16384 bind 16384)
[   14.369360] UDP hash table entries: 1024 (order: 3, 32768 bytes)
[   14.371405] UDP-Lite hash table entries: 1024 (order: 3, 32768 bytes)
[   14.397432] NET: Registered protocol family 1
[   14.411751] pci 0000:00:00.0: Limiting direct PCI/PCI transfers
[   14.491554] pci 0000:00:01.0: Activating ISA DMA hang workarounds
[   14.527170] pci 0000:00:02.0: Video device with shadowed ROM at [mem 0x000c0000-0x000dffff]
[   14.608969] Trying to unpack rootfs image as initramfs...
[   16.585026] Freeing initrd memory: 9072K (ffff9d71b6e38000 - ffff9d71b7714000)
[   16.690092] platform rtc_cmos: registered platform RTC device (no PNP device found)
[   16.829830] Scanning for low memory corruption every 60 seconds
[   16.915283] futex hash table entries: 512 (order: 3, 32768 bytes)
[   16.940092] audit: initializing netlink subsys (disabled)
[   17.019305] audit: type=2000 audit(1482199651.424:1): initialized
[   17.093207] Initialise system trusted keyrings
[   17.147353] workingset: timestamp_bits=40 max_order=19 bucket_order=0
[   17.221097] zbud: loaded
[   17.258841] squashfs: version 4.0 (2009/01/31) Phillip Lougher
[   17.279150] fuse init (API version 7.25)
[   17.295594] Key type big_key registered
[   17.318756] Allocating IMA blacklist keyring.
[   17.373566] Key type asymmetric registered
[   17.377191] Asymmetric key parser 'x509' registered
[   17.383738] Block layer SCSI generic (bsg) driver version 0.4 loaded (major 248)
[   17.386259] io scheduler noop registered
[   17.424520] io scheduler deadline registered (default)
[   17.460161] io scheduler cfq registered
[   17.499093] pci_hotplug: PCI Hot Plug PCI Core version: 0.5
[   17.534626] pciehp: PCI Express Hot Plug Controller Driver version: 0.4
[   17.627509] ACPI: AC Adapter [AC] (off-line)
[   17.679358] input: Power Button as /devices/LNXSYSTM:00/LNXPWRBN:00/input/input0
[   17.741099] ACPI: Power Button [PWRF]
[   17.742455] tsc: Refined TSC clocksource calibration: 2000.738 MHz
[   17.742463] clocksource: tsc: mask: 0xffffffffffffffff max_cycles: 0x1cd6e756f91, max_idle_ns: 440795259593 ns
[   17.944311] input: Sleep Button as /devices/LNXSYSTM:00/LNXSLPBN:00/input/input1
[   17.957789] ACPI: Sleep Button [SLPF]
[   17.988333] GHES: HEST is not enabled!
[   17.990343] ACPI: Battery Slot [BAT0] (battery present)
[   18.027735] Serial: 8250/16550 driver, 32 ports, IRQ sharing enabled
ÿ[   18.128706] 00:02: ttyS0 at I/O 0x3f8 (irq = 4, base_baud = 115200) is a 16550A
[   18.218667] Linux agpgart interface v0.103
[   18.248720] brd: module loaded
[   18.280417] loop: module loaded
[   18.297249] scsi host0: ata_piix
[   18.364726] scsi host1: ata_piix
[   18.444541] ata1: PATA max UDMA/33 cmd 0x1f0 ctl 0x3f6 bmdma 0xd000 irq 14
[   18.459748] ata2: PATA max UDMA/33 cmd 0x170 ctl 0x376 bmdma 0xd008 irq 15
[   18.505776] libphy: Fixed MDIO Bus: probed
[   18.510686] tun: Universal TUN/TAP device driver, 1.6
[   18.511957] tun: (C) 1999-2004 Max Krasnyansky <maxk@qualcomm.com>
[   18.513547] PPP generic driver version 2.4.2
[   18.536684] ehci_hcd: USB 2.0 'Enhanced' Host Controller (EHCI) Driver
[   18.549220] ehci-pci: EHCI PCI platform driver
[   18.554844] ehci-platform: EHCI generic platform driver
[   18.559471] ohci_hcd: USB 1.1 'Open' Host Controller (OHCI) Driver
[   18.593578] ohci-pci: OHCI PCI platform driver
[   18.643325] ohci-platform: OHCI generic platform driver
[   18.723030] uhci_hcd: USB Universal Host Controller Interface driver
[   18.823606] i8042: PNP: PS/2 Controller [PNP0303:PS2K,PNP0f03:PS2M] at 0x60,0x64 irq 1,12
[   18.931927] serio: i8042 KBD port at 0x60,0x64 irq 1
[   18.960292] serio: i8042 AUX port at 0x60,0x64 irq 12
[   19.009850] mousedev: PS/2 mouse device common for all mice
[   19.076171] rtc_cmos rtc_cmos: rtc core: registered rtc_cmos as rtc0
[   19.144992] rtc_cmos rtc_cmos: alarms up to one day, 114 bytes nvram
[   19.195460] 2cdeenries drivr
[   19.195565] npt:T raslated S 2 keyboardas/dic/ptfor/i42er0/npt/pu
[  23396 dicemaer: ueen version 1.0.3
[   20.768758] device-mapper: ioctl: 4.35.0-ioctl (2016-06-23) initialised: dm-devel@redhat.com
[   20.772532] ledtrig-cpu: registered to indicate activity on CPUs
[   20.777738] NET: Registered protocol family 10
[   20.805815] NET: Registered protocol family 17
[   20.810952] Key type dns_resolver registered
[   20.812296] microcode: sig=0x40651, pf=0x40, revision=0x0
[   20.845909] microcode: Microcode Update Driver: v2.01 <tigran@aivazian.fsnet.co.uk>, Peter Oruba
[   20.865005] registered taskstats version 1
[   20.867474] Loading compiled-in X.509 certificates
[   20.873619] Loaded X.509 cert 'Build time autogenerated kernel key: f9fe0b8b2423b6a482548eec0a3f48d747bb5281'
[   20.966760] zswap: loaded using pool lzo/zbud
[   21.009202] Key type trusted registered
[   21.049635] Key type encrypted registered
[   21.099440] AppArmor: AppArmor sha1 policy hashing enabled
[   21.127204] ima: No TPM chip found, activating TPM-bypass!
[   21.197410] evm: HMAC attrs: 0x1
[   21.247304]   Magic number: 12:812:106
[   21.260399] rtc_cmos rtc_cmos: setting system clock to 2016-12-20 02:07:42 UTC (1482199662)
[   21.377776] BIOS EDD facility v0.16 2004-Jun-25, 0 devices found
[   21.407045] EDD information not available.
[   21.411548] Freeing unused kernel memory: 1548K (ffffffff98968000 - ffffffff98aeb000)
[   21.459910] Write protecting the kernel read-only data: 14336k
[   21.485906] Freeing unused kernel memory: 1396K (ffff9d71f36a3000 - ffff9d71f3800000)
[   21.558129] Freeing unused kernel memory: 288K (ffff9d71f3bb8000 - ffff9d71f3c00000)
[   21.625899] x86/mm: Checked W+X mappings: passed, no W+X pages found.
Loading, please wait...
starting version[   21.670203] random: systemd-udevd: uninitialized urandom read (16 bytes read)
 231
[   21.671071] random: udevadm: uninitialized urandom read (16 bytes read)
[   21.671099] random: udevadm: uninitialized urandom read (16 bytes read)
[   21.671624] random: udevadm: uninitialized urandom read (16 bytes read)
[   21.671668] random: udevadm: uninitialized urandom read (16 bytes read)
[   21.671682] random: udevadm: uninitialized urandom read (16 bytes read)
[   21.671869] random: udevadm: uninitialized urandom read (16 bytes read)
[   21.671911] random: udevadm: uninitialized urandom read (16 bytes read)
[   21.671952] random: udevadm: uninitialized urandom read (16 bytes read)
[   21.671997] random: udevadm: uninitialized urandom read (16 bytes read)
[   21.869160] Fusion MPT base driver 3.04.20
[   21.872075] Copyright (c) 1999-2008 LSI Corporation
[   21.917267] e1000: Intel(R) PRO/1000 Network Driver - version 7.3.21-k8-NAPI
[   21.943684] e1000: Copyright (c) 1999-2006 Intel Corporation.
[   21.965709] AVX version of gcm_enc/dec engaged.
[   21.968409] AES CTR mode by8 optimization enabled
[   21.977287] Fusion MPT SPI Host driver 3.04.20
[   22.172052] input: ImExPS/2 BYD TouchPad as /devices/platform/i8042/serio1/input/input4
[   22.404333] e1000 0000:00:03.0 eth0: (PCI:33MHz:32-bit) 02:e8:42:0f:38:20
[   22.456045] e1000 0000:00:03.0 eth0: Intel(R) PRO/1000 Network Connection
[   22.513164] mptbase: ioc0: Initiating bringup
[   22.643069] ioc0: LSI53C1030 A0: Capabilities={Initiator}
[   22.951053] scsi host2: ioc0: LSI53C1030 A0, FwRev=00000000h, Ports=1, MaxQ=256, IRQ=20
[   23.154886] scsi 2:0:0:0: Direct-Access     VBOX     HARDDISK         1.0  PQ: 0 ANSI: 5
[   23.199737] scsi target2:0:0: Beginning Domain Validation
[   23.228110] scsi target2:0:0: Domain Validation skipping write tests
[   23.244081] scsi target2:0:0: Ending Domain Validation
[   23.254087] scsi target2:0:0: asynchronous
[   23.337763] scsi 2:0:1:0: Direct-Access     VBOX     HARDDISK         1.0  PQ: 0 ANSI: 5
[   23.343213] scsi target2:0:1: Beginning Domain Validation
[   23.345643] scsi target2:0:1: Domain Validation skipping write tests
[   23.356895] scsi target2:0:1: Ending Domain Validation
[   23.361861] random: fast init done
[   23.363038] scsi target2:0:1: asynchronous
[   23.507231] sd 2:0:0:0: Attached scsi generic sg0 type 0
[   23.531506] sd 2:0:0:0: [sda] 20971520 512-byte logical blocks: (10.7 GB/10.0 GiB)
[   23.611267] sd 2:0:0:0: [sda] Write Protect is off
[   23.663315] sd 2:0:1:0: [sdb] 20480 512-byte logical blocks: (10.5 MB/10.0 MiB)
[   23.663364] sd 2:0:0:0: [sda] Incomplete mode parameter data
[   23.663366] sd 2:0:0:0: [sda] Assuming drive cache: write through
[   23.766666] sd 2:0:1:0: [sdb] Write Protect is off
[   23.770401] sd 2:0:1:0: Attached scsi generic sg1 type 0
[   23.777331] e1000 0000:00:08.0 eth1: (PCI:33MHz:32-bit) 08:00:27:ac:90:2f
[   23.777336] e1000 0000:00:08.0 eth1: Intel(R) PRO/1000 Network Connection
[   23.793739] e1000 0000:00:08.0 enp0s8: renamed from eth1
[   23.802621]  sda: sda1
[   23.803313] sd 2:0:0:0: [sda] Attached SCSI disk
[   23.943301] sd 2:0:1:0: [sdb] Incomplete mode parameter data
[   23.951780] e1000 0000:00:03.0 enp0s3: renamed from eth0
[   24.023879] sd 2:0:1:0: [sdb] Assuming drive cache: write through
[   24.058578] sd 2:0:1:0: [sdb] Attached SCSI disk
[   25.175254] floppy0: no floppy controllers found
Begin: Loading e[   27.826616] md: linear personality registered for level -1
ssential drivers ... [   27.880860] md: multipath personality registered for level -4
[   27.964010] md: raid0 personality registered for level 0
[   27.997529] md: raid1 personality registered for level 1
[   28.097437] raid6: sse2x1   gen()  6437 MB/s
[   28.225519] raid6: sse2x1   xor()  5458 MB/s
[   28.357790] raid6: sse2x2   gen()  8166 MB/s
[   28.485810] raid6: sse2x2   xor()  6174 MB/s
[   28.593438] raid6: sse2x4   gen() 11584 MB/s
[   28.677509] raid6: sse2x4   xor()  6960 MB/s
[   28.722331] raid6: using algorithm sse2x4 gen() 11584 MB/s
[   28.813564] raid6: .... xor() 6960 MB/s, rmw enabled
[   28.842955] raid6: using ssse3x2 recovery algorithm
[   28.854643] xor: automatically using best checksumming function: avx
[   28.861822] async_tx: api initialized (async)
[   28.881409] md: raid6 personality registered for level 6
[   28.894924] md: raid5 personality registered for level 5
[   28.938343] md: raid4 personality registered for level 4
[   28.960784] md: raid10 personality registered for level 10
done.
Begin: Running /scripts/init-premount ... done.
Begin: Mounting root file system ... Begi[   29.010246] Btrfs loaded, crc32c=crc32c-intel
n: Running /scripts/local-top ... done.
Begin: Running /scripts/local-premount ... Scanning for Btrfs filesystems
done.
Warning: fsck no[   29.096853] EXT4-fs (sda1): INFO: recovery required on readonly filesystem
t present, so sk[   29.109574] EXT4-fs (sda1): write access will be enabled during recovery
ipping root file system
[   29.256723] EXT4-fs (sda1): recovery complete
[   29.264631] EXT4-fs (sda1): mounted filesystem with ordered data mode. Opts: (null)
done.
Begin: Running /scripts/local-bottom ... done.
Begin: Running /scripts/init-bottom ... /scripts/init-bottom/plymouth: line 18: /bin/plymouth: not found
done.
[   29.524227] ip_tables: (C) 2000-2006 Netfilter Core Team
[   29.608682] systemd[1]: systemd 231 running in system mode. (+PAM +AUDIT +SELINUX +IMA +APPARMOR +SMACK +SYSVINIT +UTMP +LIBCRYPTSETUP +GCRYPT +GNUTLS +ACL +XZ -LZ4 +SECCOMP +BLKID +ELFUTILS +KMOD +IDN)
[   29.804370] systemd[1]: Detected virtualization oracle.
[   29.882452] systemd[1]: Detected architecture x86-64.

Welcome to [1mUbuntu 16.10[0m!

[   29.988765] systemd[1]: Set hostname to <rails-dev-box>.
[   30.064571] systemd-fstab-generator[423]: Failed to create swap unit file /run/systemd/generator/swapfile.swap, as it already exists. Duplicate entry in /etc/fstab?
[   30.079234] systemd-fstab-generator[423]: Failed to create swap unit file /run/systemd/generator/swapfile.swap, as it already exists. Duplicate entry in /etc/fstab?
[   30.079244] systemd-fstab-generator[423]: Failed to create swap unit file /run/systemd/generator/swapfile.swap, as it already exists. Duplicate entry in /etc/fstab?
[   30.079252] systemd-fstab-generator[423]: Failed to create swap unit file /run/systemd/generator/swapfile.swap, as it already exists. Duplicate entry in /etc/fstab?
[   30.346970] systemd[414]: /lib/systemd/system-generators/systemd-fstab-generator failed with error code 1.
[   30.600663] systemd[1]: Listening on Journal Audit Socket.
[[0;32m  OK  [0m] Listening on Journal Audit Socket.
[   30.657993] systemd[1]: Reached target User and Group Name Lookups.
[[0;32m  OK  [0m] Reached target User and Group Name Lookups.
[   30.745858] systemd[1]: Listening on Syslog Socket.
[[0;32m  OK  [0m] Listening on Syslog Socket.
[   30.842558] systemd[1]: Listening on Journal Socket (/dev/log).
[[0;32m  OK  [0m] Listening on Journal Socket (/dev/log).
[   30.912521] systemd[1]: Reached target Encrypted Volumes.
[[0;32m  OK  [0m] Reached target Encrypted Volumes.
[[0;32m  OK  [0m] Listening on Journal Socket.
[[0;32m  OK  [0m] Listening on Device-mapper event daemon FIFOs.
[[0;32m  OK  [0m] Created slice User and Session Slice.
[[0;32m  OK  [0m] Listening on LVM2 metadata daemon socket.
[[0;32m  OK  [0m] Listening on udev Control Socket.
[[0;32m  OK  [0m] Listening on /dev/initctl Compatibility Named Pipe.
[[0;32m  OK  [0m] Started Forward Password Requests to Wall Directory Watch.
[[0;32m  OK  [0m] Listening on udev Kernel Socket.
[[0;32m  OK  [0m] Set up automount Arbitrary Executab...ats File System Automount Point.
[[0;32m  OK  [0m] Created slice System Slice.
[[0;32m  OK  [0m] Created slice system-serial\x2dgetty.slice.
         Starting Set the console keyboard layout...
         Starting Uncomplicated firewall...
         Starting Monitoring of LVM2 mirrors... dmeventd or progress polling...
         Starting Remount Root a[   31.433091] EXT4-fs (sda1): re-mounted. Opts: (null)
nd Kernel File Systems...
         Mounting Huge Pages File System...
         Mounting POSIX Message Queue File System...
         Starting Journal Service...
         Mounting Debug File System...
         Starting Create list of required st... nodes for the current kernel...
         Starting Nameserver information manager...
[[0;32m  OK  [0m] Listening on LVM2 poll daemon socket.
[[0;32m  OK  [0m] Reached target Slices.
         Starting Load Kernel Modules...[   32.023528] Loading iSCSI transport class v2.0-870.

[[0;32m  OK  [0[   32.066987] iscsi: registered transport (tcp)
m] Created slice system-postgresql.slice.
[[0;32m  OK  [0m] Mounted POSIX Message Queue File System.
[[0;32m  OK  [0[   32.167087] iscsi: registered transport (iser)
m] Mounted Huge Pages File System.
[[0;32m  OK  [0m] Mounted Debug File System.
[[0;32m  OK  [0m] Started Journal Service.
[[0;32m  OK  [0m] Started Uncomplicated firewall.
[[0;32m  OK  [0m] Started Remount Root and Kernel File Systems.
[[0;32m  OK  [0m] Started Create list of required sta...ce nodes for the current kernel.
[[0;32m  OK  [0m] Started Load Kernel Modules.
[[0;32m  OK  [0m] Started Nameserver information manager.
[[0;32m  OK  [0m] Started LVM2 metadata daemon.
[   33.326887] random: crng init done
         Mounting FUSE Control File System...
         Starting Apply Kernel Variables...
         Mounting Configuration File System...
         Starting Create Static Device Nodes in /dev...
         Activating swap /swapfile...
         Starting udev Coldplug all Devices...
         Starting Load/Save Random Seed...
         Starting Flush Journal to Persistent Storage...
[[0;32m  OK  [0m] Mounted Configuration File System.
[[0;32m  OK  [0m] Mounted FUSE Control File System.
[[0;32m  OK  [0m] Activated swap /swapfile.
[[0;32m  OK  [0m] Started Monitoring of LVM2 mirrors,...ng dmeventd or progress polling.
[[0;32m  OK  [0m] Started Apply Kernel Variables.
[[0;32m  OK  [0m] Started Load/Save Random Seed.
[[0;32m  OK  [0m] Started udev Coldplug all Devices.
[[0;32m  OK  [0m] Started Flush Journal to Persistent Storage.
[[0;32m  OK  [0m] Reached target Swap.
[[0;32m  OK  [0m] Started Set the console keyboard layout.
[[0m[0;31m*     [0m] (1 of 2) A start job is running for...ce Nodes in /dev (9s / no limit)[K[[0;1;31m*[0m[0;31m*    [0m] (1 of 2) A start job is running for...ce Nodes in /dev (9s / no limit)[K[[0;31m*[0;1;31m*[0m[0;31m*   [0m] (1 of 2) A start job is running for...e Nodes in /dev (10s / no limit)[K[ [0;31m*[0;1;31m*[0m[0;31m*  [0m] (2 of 2) A start job is running for dev-ttyS0.device (10s / 1min 30s)[K[  [0;31m*[0;1;31m*[0m[0;31m* [0m] (2 of 2) A start job is running for dev-ttyS0.device (11s / 1min 30s)[K[   [0;31m*[0;1;31m*[0m[0;31m*[0m] (2 of 2) A start job is running for dev-ttyS0.device (11s / 1min 30s)[K[    [0;31m*[0;1;31m*[0m] (1 of 2) A start job is running for...e Nodes in /dev (12s / no limit)[K[     [0;31m*[0m] (1 of 2) A start job is running for...e Nodes in /dev (12s / no limit)[K[    [0;31m*[0;1;31m*[0m] (1 of 2) A start job is running for...e Nodes in /dev (13s / no limit)[K[   [0;31m*[0;1;31m*[0m[0;31m*[0m] (2 of 2) A start job is running for dev-ttyS0.device (13s / 1min 30s)[K[  [0;31m*[0;1;31m*[0m[0;31m* [0m] (2 of 2) A start job is running for dev-ttyS0.device (14s / 1min 30s)[K[ [0;31m*[0;1;31m*[0m[0;31m*  [0m] (2 of 2) A start job is running for dev-ttyS0.device (14s / 1min 30s)[K[[0;31m*[0;1;31m*[0m[0;31m*   [0m] (1 of 2) A start job is running for...e Nodes in /dev (15s / no limit)[K[[0;1;31m*[0m[0;31m*    [0m] (1 of 2) A start job is running for...e Nodes in /dev (15s / no limit)[K[[0m[0;31m*     [0m] (1 of 2) A start job is running for...e Nodes in /dev (16s / no limit)[K[[0;1;31m*[0m[0;31m*    [0m] (2 of 2) A start job is running for dev-ttyS0.device (16s / 1min 30s)[K[[0;31m*[0;1;31m*[0m[0;31m*   [0m] (2 of 2) A start job is running for dev-ttyS0.device (17s / 1min 30s)[K[ [0;31m*[0;1;31m*[0m[0;31m*  [0m] (2 of 2) A start job is running for dev-ttyS0.device (18s / 1min 30s)[K[  [0;31m*[0;1;31m*[0m[0;31m* [0m] (1 of 2) A start job is running for...e Nodes in /dev (19s / no limit)[K[   [0;31m*[0;1;31m*[0m[0;31m*[0m] (1 of 2) A start job is running for...e Nodes in /dev (19s / no limit)[K[    [0;31m*[0;1;31m*[0m] (1 of 2) A start job is running for...e Nodes in /dev (20s / no limit)[K[     [0;31m*[0m] (2 of 2) A start job is running for dev-ttyS0.device (20s / 1min 30s)[K[    [0;31m*[0;1;31m*[0m] (2 of 2) A start job is running for dev-ttyS0.device (21s / 1min 30s)[K[   [0;31m*[0;1;31m*[0m[0;31m*[0m] (2 of 2) A start job is running for dev-ttyS0.device (22s / 1min 30s)[K[  [0;31m*[0;1;31m*[0m[0;31m* [0m] (1 of 2) A start job is running for...e Nodes in /dev (22s / no limit)[K[ [0;31m*[0;1;31m*[0m[0;31m*  [0m] (1 of 2) A start job is running for...e Nodes in /dev (23s / no limit)[K[[0;31m*[0;1;31m*[0m[0;31m*   [0m] (1 of 2) A start job is running for...e Nodes in /dev (23s / no limit)[K[[0;1;31m*[0m[0;31m*    [0m] (2 of 2) A start job is running for dev-ttyS0.device (24s / 1min 30s)[K[[0m[0;31m*     [0m] (2 of 2) A start job is running for dev-ttyS0.device (24s / 1min 30s)[K[[0;1;31m*[0m[0;31m*    [0m] (2 of 2) A start job is running for dev-ttyS0.device (25s / 1min 30s)[K[[0;31m*[0;1;31m*[0m[0;31m*   [0m] (1 of 2) A start job is running for...e Nodes in /dev (25s / no limit)[K[ [0;31m*[0;1;31m*[0m[0;31m*  [0m] (1 of 2) A start job is running for...e Nodes in /dev (26s / no limit)[K[  [0;31m*[0;1;31m*[0m[0;31m* [0m] (1 of 2) A start job is running for...e Nodes in /dev (26s / no limit)[K[   [0;31m*[0;1;31m*[0m[0;31m*[0m] (2 of 2) A start job is running for dev-ttyS0.device (27s / 1min 30s)[K[    [0;31m*[0;1;31m*[0m] (2 of 2) A start job is running for dev-ttyS0.device (27s / 1min 30s)[K[     [0;31m*[0m] (2 of 2) A start job is running for dev-ttyS0.device (28s / 1min 30s)[K[    [0;31m*[0;1;31m*[0m] (1 of 2) A start job is running for...e Nodes in /dev (28s / no limit)[K[   [0;31m*[0;1;31m*[0m[0;31m*[0m] (1 of 2) A start job is running for...e Nodes in /dev (29s / no limit)[K[  [0;31m*[0;1;31m*[0m[0;31m* [0m] (1 of 2) A start job is running for...e Nodes in /dev (29s / no limit)[K[ [0;31m*[0;1;31m*[0m[0;31m*  [0m] (2 of 2) A start job is running for dev-ttyS0.device (30s / 1min 30s)[K[[0;31m*[0;1;31m*[0m[0;31m*   [0m] (2 of 2) A start job is running for dev-ttyS0.device (30s / 1min 30s)[K[[0;1;31m*[0m[0;31m*    [0m] (2 of 2) A start job is running for dev-ttyS0.device (31s / 1min 30s)[K[[0m[0;31m*     [0m] (1 of 2) A start job is running for...e Nodes in /dev (31s / no limit)[K[[0;1;31m*[0m[0;31m*    [0m] (1 of 2) A start job is running for...e Nodes in /dev (32s / no limit)[K[[0;31m*[0;1;31m*[0m[0;31m*   [0m] (1 of 2) A start job is running for...e Nodes in /dev (32s / no limit)[K[ [0;31m*[0;1;31m*[0m[0;31m*  [0m] (2 of 2) A start job is running for dev-ttyS0.device (33s / 1min 30s)[K[[0;32m  OK  [0m] Started Create Static Device Nodes in /dev.
         Starting udev Kernel Device Manager...
[[0;32m  OK  [0m] Started udev Kernel Device Manager.
[[0;32m  OK  [0m] Reached target Local File Systems (Pre).
[[0;32m  OK  [0m] Reached target Local File Systems.
         Starting ebtables ruleset management...
         Starting Initial cloud-init job (pre-networking)...
         Starting AppArmor initialization...
         Starting Run snappy firstboot setup...
         Starting Set console font and keymap...
         Starting Create Volatile Files and Directories...
         Starting Tell Plymouth To Write Out Runtime Data...
[[0;32m  OK  [0m] Started Dispatch Password Requests to Console Directory Watch.
[[0;32m  OK  [0m] Started Set console font and keymap.
[[0;32m  OK  [0m] Started Run snappy firstboot setup.
[[0;32m  OK  [0m] Started Create Volatile Files and Directories.
[[0;32m  OK  [0m] Started Tell Plymouth To Write Out Runtime Data.
[[0;32m  OK  [0m] Started ebtables ruleset management.
[[0;1;31mFAILED[0m] Failed to start AppArmor initialization.
See 'systemctl status apparmor.service' for details.
[[0;32m  OK  [0m] Found device /dev/ttyS0.
[[0;32m  OK  [0m] Listening on Load/Save RF Kill Switch Status /dev/rfkill Watch.
[   55.101651] cloud-init[536]: Cloud-init v. 0.7.8 running 'init-local' at Tue, 20 Dec 2016 02:08:27 +0000. Up 54.33 seconds.
         Starting Update UTMP about System Boot/Shutdown...
[[0;32m  OK  [0m] Reached target System Time Synchronized.
[[0;32m  OK  [0m] Started Initial cloud-init job (pre-networking).
[[0;32m  OK  [0m] Reached target Network (Pre).
         Starting Raise network interfaces...
[[0;32m  OK  [0m] Started ifup for enp0s3.
[[0;32m  OK  [0m] Started ifup for enp0s8.
[[0;32m  OK  [0m] Started Update UTMP about System Boot/Shutdown.
[[0;32m  OK  [0m] Reached target System Initialization.
         Starting Socket activation for snappy daemon.
         Starting LXD - unix socket.
[[0;32m  OK  [0m] Listening on ACPID Listen Socket.
[[0;32m  OK  [0m] Listening on UUID daemon activation socket.
[[0;32m  OK  [0m] Started Timer to automatically refresh installed snaps.
[[0;32m  OK  [0m] Started Daily apt activities.
[[0;32m  OK  [0m] Started ACPI Events Check.
[[0;32m  OK  [0m] Reached target Paths.
[[0;32m  OK  [0m] Started Daily Cleanup of Temporary Directories.
[[0;32m  OK  [0m] Reached target Timers.
[[0;32m  OK  [0m] Listening on Socket activation for snappy daemon.
[[0;32m  OK  [0m] Listening on LXD - unix socket.
[   68.351602] systemd-fstab-generator[1310]: Failed to create swap unit file /run/systemd/generator/swapfile.swap, as it already exists. Duplicate entry in /etc/fstab?
[   68.364562] systemd-fstab-generator[1310]: Failed to create swap unit file /run/systemd/generator/swapfile.swap, as it already exists. Duplicate entry in /etc/fstab?
[   68.502277] systemd-fstab-generator[1310]: Failed to create swap unit file /run/systemd/generator/swapfile.swap, as it already exists. Duplicate entry in /etc/fstab?
[   68.638837] systemd-fstab-generator[1310]: Failed to create swap unit file /run/systemd/generator/swapfile.swap, as it already exists. Duplicate entry in /etc/fstab?
[   68.904123] systemd-fstab-generator[1337]: Failed to create swap unit file /run/systemd/generator/swapfile.swap, as it already exists. Duplicate entry in /etc/fstab?
[   69.003932] systemd-fstab-generator[1337]: Failed to create swap unit file /run/systemd/generator/swapfile.swap, as it already exists. Duplicate entry in /etc/fstab?
[   69.023833] systemd-fstab-generator[1337]: Failed to create swap unit file /run/systemd/generator/swapfile.swap, as it already exists. Duplicate entry in /etc/fstab?
[   69.047478] systemd-fstab-generator[1337]: Failed to create swap unit file /run/systemd/generator/swapfile.swap, as it already exists. Duplicate entry in /etc/fstab?
[   69.187381] systemd-fstab-generator[1364]: Failed to create swap unit file /run/systemd/generator/swapfile.swap, as it already exists. Duplicate entry in /etc/fstab?
[   69.195996] systemd-fstab-generator[1364]: Failed to create swap unit file /run/systemd/generator/swapfile.swap, as it already exists. Duplicate entry in /etc/fstab?
[   69.265 sstmd-fstab-gneto134] Fle tcrtewaun file /run/systemd/enat/spfil.sap, as it already exists. Duplicate entry in /etc/fstab?

[   70.197882] systemd-fstab-generator[1364]: Failed to create swap unit file /run/systemd/generator/swapfile.swap, as it already exists. Duplicate entry in /etc/fstab?
[   70.292993] systemd-fstab-generator[1411]: Failed to create swap unit file /run/systemd/generator/swapfile.swap, as it already exists. Duplicate entry in /etc/fstab?
[   70.305753] systemd-fstab-generator[1411]: Failed to create swap unit file /run/systemd/generator/swapfile.swap, as it already exists. Duplicate entry in /etc/fstab?
[   70.331355] systemd-fstab-generator[1411]: Failed to create swap unit file /run/systemd/generator/swapfile.swap, as it already exists. Duplicate entry in /etc/fstab?
[   70.340391] systemd-fstab-generator[1411]: Failed to create swap unit file /run/systemd/generator/swapfile.swap, as it already exists. Duplicate entry in /etc/fstab?
[   70.413950] systemd-fstab-generator[1458]: Failed to create swap unit file /run/systemd/generator/swapfile.swap, as it already exists. Duplicate entry in /etc/fstab?
[   70.411] std-tagerar[58 Fletorete sp nifi /n/std/netoswpfe.apast rey ists. Duplcate enryn tc/fstab?

[   72.350604] systemd-fstab-generator[1458]: Failed to create swap unit file /run/systemd/generator/swapfile.swap, as it already exists. Duplicate entry in /etc/fstab?
[   72.414134] systemd-fstab-generator[1458]: Failed to create swap unit file /run/systemd/generator/swapfile.swap, as it already exists. Duplicate entry in /etc/fstab?
[[0;32m  OK  [0m] Started Raise network interfaces.
[[0;32m  OK  [0m] Reached target Network.
         Starting Initial cloud-init job (metadata service crawler)...
[   61.492839] cloud-init[1473]: Cloud-init v. 0.7.8 running 'init' at Tue, 20 Dec 2016 02:08:34 +0000. Up 61.15 seconds.
[   61.517252] cloud-init[1473]: ci-info: +++++++++++++++++++++++++++++++Net device info++++++++++++++++++++++++++++++++
[[0;32m  OK  [0m] Started Initial cloud-init job (metadata service crawler).
[   62.929357] cloud-init[1473]: ci-info: +---------+------+---------------+---------------+-------+-------------------+
[   63.024601] cloud-init[1473]: ci-info: |  Device |  Up  |    Address    |      Mask     | Scope |     Hw-Address    |
[   63.092675] cloud-init[1473]: ci-info: +---------+------+---------------+---------------+-------+-------------------+
[[0;32m  OK  [0m] Reached target Network is Online.
[   63.131576] cloud-init[1473]: ci-info: |   lo:   | True |   127.0.0.1   |   255.0.0.0   |   .   |         .         |
         Starting iSCSI initiator daemon (iscsid)...
[[0;32m  OK  [0m] Listening on D-Bus System Message Bus Socket.
[   63.195396] cloud-init[1473]: ci-info: |   lo:   | True |       .       |       .       |   d   |         .         |
[   63.332684] cloud-init[1473]: ci-info: | enp0s3: | True |   10.0.2.15   | 255.255.255.0 |   .   | 02:e8:42:0f:38:20 |
[   63.428501] cloud-init[1473]: ci-info: | enp0s3: | True |       .       |       .       |   d   | 02:e8:42:0f:38:20 |
[   63.429033] cloud-init[1473]: ci-info: | enp0s8: | True | 192.168.33.56 | 255.255.255.0 |   .   | 08:00:27:ac:90:2f |
[   63.429150] cloud-init[1473]: ci-info: | enp0s8: | True |       .       |       .       |   d   | 08:00:27:ac:90:2f |
[   63.429252] cloud-init[1473]: ci-info: +---------+------+---------------+---------------+-------+-------------------+
[   63.429349] cloud-init[1473]: ci-info: ++++++++++++++++++++++++++++Route IPv4 info++++++++++++++++++++++++++++
[   63.429446] cloud-init[1473]: ci-info: +-------+--------------+----------+---------------+-----------+-------+
[   63.429540] cloud-init[1473]: ci-info: | Route | Destination  | Gateway  |    Genmask    | Interface | Flags |
[   63.429666] cloud-init[1473]: ci-info: +-------+--------------+----------+---------------+-----------+-------+
[   63.429763] cloud-init[1473]: ci-info: |   0   |   0.0.0.0    | 10.0.2.2 |    0.0.0.0    |   enp0s3  |   UG  |
[   63.429865] cloud-init[1473]: ci-info: |   1   |   10.0.2.0   | 0.0.0.0  | 255.255.255.0 |   enp0s3  |   U   |
[   63.429957] cloud-init[1473]: ci-info: |   2   | 192.168.33.0 | 0.0.0.0  | 255.255.255.0 |   enp0s8  |   U   |
[   63.430054] cloud-init[1473]: ci-info: +-------+--------------+----------+---------------+-----------+-------+
[[0;32m  OK  [0m] Reached target Sockets.
[[0;32m  OK  [0m] Reached target Basic System.
[[0;32m  OK  [0m] Started ACPI event daemon.
[[0;32m  OK  [0m] Started FUSE filesystem for LXC.
         Starting LSB: Record successful boot for GRUB...
[[0;32m  OK  [0m] Started Regular background program processing daemon.
         Starting System Logging Service...
         Starting PostgreSQL Cluster 9.5-main...
         Starting LXD - container startup/shutdown...
         Starting OpenBSD Secure Shell server...
[[0;32m  OK  [0m] Started Snappy daemon.
[[0;32m  OK  [0m] Started D-Bus System Message Bus.
[[0;32m  OK  [0m] Started memcached daemon.
         Starting Network Name Resolution...
         Starting Advanced key-value store...
         Starting Login Service...
         Starting RabbitMQ Messaging Server...
[[0;32m  OK  [0m] Started Deferred execution scheduler.
         Starting Accounts Service...
[[0;32m  OK  [0m] Reached target Cloud-config availability.
         Starting Apply the settings specified in cloud-config...
[[0;32m  OK  [0m] Started System Logging Service.
[[0;32m  OK  [0m] Started OpenBSD Secure Shell server.
[[0;32m  OK  [0m] Started Login Service.
[[0;32m  OK  [0m] Started iSCSI initiator daemon (iscsid).
[[0;32m  OK  [0m] Started LSB: Record successful boot for GRUB.
         Starting Authenticate and Authorize Users to Run Privileged Tasks...
         Starting Login to default iSCSI targets...
[[0;32m  OK  [0m] Started Network Name Resolution.
[[0;32m  OK  [0m] Started Login to default iSCSI targets.
[[0;32m  OK  [0m] Started Authenticate and Authorize Users to Run Privileged Tasks.
[[0;32m  OK  [0m] Started Advanced key-value store.
[[0;32m  OK  [0m] Started Accounts Service.
[[0;32m  OK  [0m] Reached target Remote File Systems (Pre).
[[0;32m  OK  [0m] Reached target Remote File Systems.
         Starting LSB: daemon to balance interrupts for SMP systems...
         Starting Permit User Sessions...
         Starting LSB: Start/stop sysstat's sadc...
         Starting LSB: VirtualBox Linux Additions...
         Starting LSB: automatic crash report generation...
[[0;32m  OK  [0m] Started Permit User Sessions.
         Starting Terminate Plymouth Boot Screen...
         Starting Hold until boot process finishes up...
[[0;32m  OK  [0m] Started Terminate Plymouth Boot Screen.
[[0;32m  OK  [0m] Started Hold until boot process finishes up.
         Starting Set console scheme...
[[0;32m  OK  [0m] Started Serial Getty on ttyS0.
[[0;32m  OK  [0m] Started Apply the settings specified in cloud-config.
[   66.482442] cloud-init[1668]: Cloud-init v. 0.7.8 running 'modules:config' at Tue, 20 Dec 2016 02:08:39 +0000. Up 66.20 seconds.
[[0;32m  OK  [0m] Started LSB: daemon to balance interrupts for SMP systems.
[[0;32m  OK  [0m] Started LSB: Start/stop sysstat's sadc.
[[0;32m  OK  [0m] Started LSB: VirtualBox Linux Additions.
[[0;32m  OK  [0m] Started LSB: automatic crash report generation.
[[0;32m  OK  [0m] Started Set console scheme.
[[0;32m  OK  [0m] Started PostgreSQL Cluster 9.5-main.
[[0;32m  OK  [0m] Created slice User Slice of ubuntu.
         Starting PostgreSQL RDBMS...
[[0;32m  OK  [0m] Created slice system-getty.slice.
[[0;32m  OK  [0m] Started Getty on tty1.
[[0;32m  OK  [0m] Reached target Login Prompts.
[[0;32m  OK  [0m] Started PostgreSQL RDBMS.
         Starting User Manager for UID 1000...
[[0;32m  OK  [0m] Started Session 1 of user ubuntu.
[[0;32m  OK  [0m] Started User Manager for UID 1000.
[[0;32m  OK  [0m] Started RabbitMQ Messaging Server.
[   82.321246] systemd-fstab-generator[2431]: Failed to create swap unit file /run/systemd/generator/swapfile.swap, as it already exists. Duplicate entry in /etc/fstab?
[   82.338133] systemd-fstab-generator[2431]: Failed to create swap unit file /run/systemd/generator/swapfile.swap, as it already exists. Duplicate entry in /etc/fstab?
[   82.436332] systemd-fstab-generator[2431]: Failed to create swap unit file /run/systemd/generator/swapfile.swap, as it already exists. Duplicate entry in /etc/fstab?
[   82.510593] systemd-fstab-generator[2431]: Failed to create swap unit file /run/systemd/generator/swapfile.swap, as it already exists. Duplicate entry in /etc/fstab?
[   82.851380] systemd-fstab-generator[2520]: Failed to create swap unit file /run/systemd/generator/swapfile.swap, as it already exists. Duplicate entry in /etc/fstab?
[   82.862108] systemd-fstab-generator[2520]: Failed to create swap unit file /run/systemd/generator/swapfile.swap, as it already exists. Duplicate entry in /etc/fstab?
[   82.948221] systemd-fstab-generator[2520]: Failed to create swap unit file /run/systemd/generator/swapfile.swap, as it already exists. Duplicate entry in /etc/fstab?
[   83.030016] systemd-fstab-generator[2520]: Failed to create swap unit file /run/systemd/generator/swapfile.swap, as it already exists. Duplicate entry in /etc/fstab?

Ubuntu 16.10 rails-dev-box ttyS0

rails-dev-box login: [   96.640032] cloud-init[2608]: Cloud-init v. 0.7.8 running 'modules:final' at Tue, 20 Dec 2016 02:09:09 +0000. Up 96.50 seconds.
[   96.640635] cloud-init[2608]: Cloud-init v. 0.7.8 finished at Tue, 20 Dec 2016 02:09:09 +0000. Datasource DataSourceNoCloud [seed=/dev/sdb][dsmode=net].  Up 96.62 seconds
